> Task :gradle-plugin:compileKotlin UP-TO-DATE
> Task :gradle-plugin:compileJava NO-SOURCE
> Task :gradle-plugin:pluginDescriptors UP-TO-DATE
> Task :gradle-plugin:processResources UP-TO-DATE
> Task :gradle-plugin:classes UP-TO-DATE
> Task :gradle-plugin:jar UP-TO-DATE

> Configure project :react-native-vision-camera
[VisionCamera] react-native-worklets-core not found, Frame Processors disabled!

> Task :app:buildCodegenCLI SKIPPED
> Task :app:generateCodegenSchemaFromJavaScript SKIPPED
> Task :app:generateCodegenArtifactsFromSchema SKIPPED
> Task :app:generatePackageList
> Task :app:preBuild
> Task :app:preDebugBuild
> Task :app:mergeDebugNativeDebugMetadata NO-SOURCE
> Task :app:generateDebugBuildConfig UP-TO-DATE
> Task :app:javaPreCompileDebug UP-TO-DATE
> Task :invertase_react-native-apple-authentication:preBuild UP-TO-DATE
> Task :invertase_react-native-apple-authentication:preDebugBuild UP-TO-DATE
> Task :invertase_react-native-apple-authentication:writeDebugAarMetadata UP-TO-DATE
> Task :react-native-async-storage_async-storage:preBuild UP-TO-DATE
> Task :react-native-async-storage_async-storage:preDebugBuild UP-TO-DATE
> Task :react-native-async-storage_async-storage:writeDebugAarMetadata UP-TO-DATE
> Task :react-native-camera:preBuild UP-TO-DATE
> Task :react-native-camera:preGeneralDebugBuild UP-TO-DATE
> Task :react-native-camera:writeGeneralDebugAarMetadata UP-TO-DATE
> Task :react-native-clipboard_clipboard:preBuild UP-TO-DATE
> Task :react-native-clipboard_clipboard:preDebugBuild UP-TO-DATE
> Task :react-native-clipboard_clipboard:writeDebugAarMetadata UP-TO-DATE
> Task :react-native-google-signin_google-signin:preBuild UP-TO-DATE
> Task :react-native-google-signin_google-signin:preDebugBuild UP-TO-DATE
> Task :react-native-google-signin_google-signin:writeDebugAarMetadata UP-TO-DATE
> Task :react-native-image-picker:preBuild UP-TO-DATE
> Task :react-native-image-picker:preDebugBuild UP-TO-DATE
> Task :react-native-image-picker:writeDebugAarMetadata UP-TO-DATE
> Task :react-native-ml-kit_barcode-scanning:preBuild UP-TO-DATE
> Task :react-native-ml-kit_barcode-scanning:preDebugBuild UP-TO-DATE
> Task :react-native-ml-kit_barcode-scanning:writeDebugAarMetadata UP-TO-DATE
> Task :react-native-nfc-manager:preBuild UP-TO-DATE
> Task :react-native-nfc-manager:preDebugBuild UP-TO-DATE
> Task :react-native-nfc-manager:writeDebugAarMetadata UP-TO-DATE
> Task :react-native-safe-area-context:preBuild UP-TO-DATE
> Task :react-native-safe-area-context:preDebugBuild UP-TO-DATE
> Task :react-native-safe-area-context:writeDebugAarMetadata UP-TO-DATE
> Task :react-native-screens:preBuild UP-TO-DATE
> Task :react-native-screens:preDebugBuild UP-TO-DATE
> Task :react-native-screens:writeDebugAarMetadata UP-TO-DATE
> Task :react-native-svg:preBuild UP-TO-DATE
> Task :react-native-svg:preDebugBuild UP-TO-DATE
> Task :react-native-svg:writeDebugAarMetadata UP-TO-DATE
> Task :react-native-vector-icons:preBuild UP-TO-DATE
> Task :react-native-vector-icons:preDebugBuild UP-TO-DATE
> Task :react-native-vector-icons:writeDebugAarMetadata UP-TO-DATE
> Task :react-native-vision-camera:prepareHeaders UP-TO-DATE
> Task :react-native-vision-camera:preBuild UP-TO-DATE
> Task :react-native-vision-camera:preDebugBuild UP-TO-DATE
> Task :react-native-vision-camera:writeDebugAarMetadata UP-TO-DATE
> Task :app:checkDebugAarMetadata UP-TO-DATE
> Task :app:generateDebugResValues UP-TO-DATE
> Task :invertase_react-native-apple-authentication:generateDebugResValues UP-TO-DATE
> Task :invertase_react-native-apple-authentication:generateDebugResources UP-TO-DATE
> Task :invertase_react-native-apple-authentication:packageDebugResources UP-TO-DATE
> Task :react-native-async-storage_async-storage:generateDebugResValues UP-TO-DATE
> Task :react-native-async-storage_async-storage:generateDebugResources UP-TO-DATE
> Task :react-native-async-storage_async-storage:packageDebugResources UP-TO-DATE
> Task :react-native-camera:generateGeneralDebugResValues UP-TO-DATE
> Task :react-native-camera:generateGeneralDebugResources UP-TO-DATE
> Task :react-native-camera:packageGeneralDebugResources UP-TO-DATE
> Task :react-native-clipboard_clipboard:generateDebugResValues UP-TO-DATE
> Task :react-native-clipboard_clipboard:generateDebugResources UP-TO-DATE
> Task :react-native-clipboard_clipboard:packageDebugResources UP-TO-DATE
> Task :react-native-google-signin_google-signin:generateDebugResValues UP-TO-DATE
> Task :react-native-google-signin_google-signin:generateDebugResources UP-TO-DATE
> Task :react-native-google-signin_google-signin:packageDebugResources UP-TO-DATE
> Task :react-native-image-picker:generateDebugResValues UP-TO-DATE
> Task :react-native-image-picker:generateDebugResources UP-TO-DATE
> Task :react-native-image-picker:packageDebugResources UP-TO-DATE
> Task :react-native-ml-kit_barcode-scanning:generateDebugResValues UP-TO-DATE
> Task :react-native-ml-kit_barcode-scanning:generateDebugResources UP-TO-DATE
> Task :react-native-ml-kit_barcode-scanning:packageDebugResources UP-TO-DATE
> Task :react-native-nfc-manager:generateDebugResValues UP-TO-DATE
> Task :react-native-nfc-manager:generateDebugResources UP-TO-DATE
> Task :react-native-nfc-manager:packageDebugResources UP-TO-DATE
> Task :react-native-safe-area-context:generateDebugResValues UP-TO-DATE
> Task :react-native-safe-area-context:generateDebugResources UP-TO-DATE
> Task :react-native-safe-area-context:packageDebugResources UP-TO-DATE
> Task :react-native-screens:generateDebugResValues UP-TO-DATE
> Task :react-native-screens:generateDebugResources UP-TO-DATE
> Task :react-native-screens:packageDebugResources UP-TO-DATE
> Task :react-native-svg:generateDebugResValues UP-TO-DATE
> Task :react-native-svg:generateDebugResources UP-TO-DATE
> Task :react-native-svg:packageDebugResources UP-TO-DATE
> Task :react-native-vector-icons:generateDebugResValues UP-TO-DATE
> Task :react-native-vector-icons:generateDebugResources UP-TO-DATE
> Task :react-native-vector-icons:packageDebugResources UP-TO-DATE
> Task :react-native-vision-camera:generateDebugResValues UP-TO-DATE
> Task :react-native-vision-camera:generateDebugResources UP-TO-DATE
> Task :react-native-vision-camera:packageDebugResources UP-TO-DATE
> Task :app:mapDebugSourceSetPaths UP-TO-DATE
> Task :app:generateDebugResources UP-TO-DATE
> Task :app:mergeDebugResources UP-TO-DATE
> Task :app:packageDebugResources UP-TO-DATE
> Task :app:parseDebugLocalResources UP-TO-DATE
> Task :app:createDebugCompatibleScreenManifests UP-TO-DATE
> Task :app:extractDeepLinksDebug UP-TO-DATE
> Task :invertase_react-native-apple-authentication:extractDeepLinksDebug UP-TO-DATE
> Task :invertase_react-native-apple-authentication:processDebugManifest UP-TO-DATE
> Task :react-native-async-storage_async-storage:extractDeepLinksDebug UP-TO-DATE
> Task :react-native-async-storage_async-storage:processDebugManifest UP-TO-DATE
> Task :react-native-camera:extractDeepLinksGeneralDebug UP-TO-DATE
> Task :react-native-camera:processGeneralDebugManifest UP-TO-DATE
> Task :react-native-clipboard_clipboard:extractDeepLinksDebug UP-TO-DATE
> Task :react-native-clipboard_clipboard:processDebugManifest UP-TO-DATE
> Task :react-native-google-signin_google-signin:extractDeepLinksDebug UP-TO-DATE
> Task :react-native-google-signin_google-signin:processDebugManifest UP-TO-DATE
> Task :react-native-image-picker:extractDeepLinksDebug UP-TO-DATE
> Task :react-native-image-picker:processDebugManifest UP-TO-DATE
> Task :react-native-ml-kit_barcode-scanning:extractDeepLinksDebug UP-TO-DATE
> Task :react-native-ml-kit_barcode-scanning:processDebugManifest UP-TO-DATE
> Task :react-native-nfc-manager:extractDeepLinksDebug UP-TO-DATE
> Task :react-native-nfc-manager:processDebugManifest UP-TO-DATE
> Task :react-native-safe-area-context:extractDeepLinksDebug UP-TO-DATE
> Task :react-native-safe-area-context:processDebugManifest UP-TO-DATE
> Task :react-native-screens:extractDeepLinksDebug UP-TO-DATE
> Task :react-native-screens:processDebugManifest UP-TO-DATE
> Task :react-native-svg:extractDeepLinksDebug UP-TO-DATE
> Task :react-native-svg:processDebugManifest UP-TO-DATE
> Task :react-native-vector-icons:extractDeepLinksDebug UP-TO-DATE
> Task :react-native-vector-icons:processDebugManifest UP-TO-DATE
> Task :react-native-vision-camera:extractDeepLinksDebug UP-TO-DATE
> Task :react-native-vision-camera:processDebugManifest UP-TO-DATE
> Task :app:processDebugMainManifest UP-TO-DATE
> Task :app:processDebugManifest UP-TO-DATE
> Task :app:processDebugManifestForPackage UP-TO-DATE
> Task :invertase_react-native-apple-authentication:compileDebugLibraryResources UP-TO-DATE
> Task :invertase_react-native-apple-authentication:parseDebugLocalResources UP-TO-DATE
> Task :invertase_react-native-apple-authentication:generateDebugRFile UP-TO-DATE
> Task :react-native-async-storage_async-storage:compileDebugLibraryResources UP-TO-DATE
> Task :react-native-async-storage_async-storage:parseDebugLocalResources UP-TO-DATE
> Task :react-native-async-storage_async-storage:generateDebugRFile UP-TO-DATE
> Task :react-native-camera:compileGeneralDebugLibraryResources UP-TO-DATE
> Task :react-native-camera:parseGeneralDebugLocalResources UP-TO-DATE
> Task :react-native-camera:generateGeneralDebugRFile UP-TO-DATE
> Task :react-native-clipboard_clipboard:compileDebugLibraryResources UP-TO-DATE
> Task :react-native-clipboard_clipboard:parseDebugLocalResources UP-TO-DATE
> Task :react-native-clipboard_clipboard:generateDebugRFile UP-TO-DATE
> Task :react-native-google-signin_google-signin:compileDebugLibraryResources UP-TO-DATE
> Task :react-native-google-signin_google-signin:parseDebugLocalResources UP-TO-DATE
> Task :react-native-google-signin_google-signin:generateDebugRFile UP-TO-DATE
> Task :react-native-image-picker:compileDebugLibraryResources UP-TO-DATE
> Task :react-native-image-picker:parseDebugLocalResources UP-TO-DATE
> Task :react-native-image-picker:generateDebugRFile UP-TO-DATE
> Task :react-native-ml-kit_barcode-scanning:compileDebugLibraryResources UP-TO-DATE
> Task :react-native-ml-kit_barcode-scanning:parseDebugLocalResources UP-TO-DATE
> Task :react-native-ml-kit_barcode-scanning:generateDebugRFile UP-TO-DATE
> Task :react-native-nfc-manager:compileDebugLibraryResources UP-TO-DATE
> Task :react-native-nfc-manager:parseDebugLocalResources UP-TO-DATE
> Task :react-native-nfc-manager:generateDebugRFile UP-TO-DATE
> Task :react-native-safe-area-context:compileDebugLibraryResources UP-TO-DATE
> Task :react-native-safe-area-context:parseDebugLocalResources UP-TO-DATE
> Task :react-native-safe-area-context:generateDebugRFile UP-TO-DATE
> Task :react-native-screens:compileDebugLibraryResources UP-TO-DATE
> Task :react-native-screens:parseDebugLocalResources UP-TO-DATE
> Task :react-native-screens:generateDebugRFile UP-TO-DATE
> Task :react-native-svg:compileDebugLibraryResources UP-TO-DATE
> Task :react-native-svg:parseDebugLocalResources UP-TO-DATE
> Task :react-native-svg:generateDebugRFile UP-TO-DATE
> Task :react-native-vector-icons:compileDebugLibraryResources UP-TO-DATE
> Task :react-native-vector-icons:parseDebugLocalResources UP-TO-DATE
> Task :react-native-vector-icons:generateDebugRFile UP-TO-DATE
> Task :react-native-vision-camera:compileDebugLibraryResources UP-TO-DATE
> Task :react-native-vision-camera:parseDebugLocalResources UP-TO-DATE
> Task :react-native-vision-camera:generateDebugRFile UP-TO-DATE
> Task :app:processDebugResources UP-TO-DATE
> Task :invertase_react-native-apple-authentication:generateDebugBuildConfig UP-TO-DATE
> Task :invertase_react-native-apple-authentication:compileDebugKotlin UP-TO-DATE
> Task :invertase_react-native-apple-authentication:javaPreCompileDebug UP-TO-DATE
> Task :invertase_react-native-apple-authentication:compileDebugJavaWithJavac UP-TO-DATE
> Task :invertase_react-native-apple-authentication:bundleLibCompileToJarDebug UP-TO-DATE
> Task :react-native-async-storage_async-storage:generateDebugBuildConfig UP-TO-DATE
> Task :react-native-async-storage_async-storage:javaPreCompileDebug UP-TO-DATE
> Task :react-native-async-storage_async-storage:compileDebugJavaWithJavac UP-TO-DATE
> Task :react-native-async-storage_async-storage:bundleLibCompileToJarDebug UP-TO-DATE
> Task :react-native-camera:generateGeneralDebugBuildConfig UP-TO-DATE
> Task :react-native-camera:javaPreCompileGeneralDebug UP-TO-DATE
> Task :react-native-camera:compileGeneralDebugJavaWithJavac UP-TO-DATE
> Task :react-native-camera:bundleLibCompileToJarGeneralDebug UP-TO-DATE
> Task :react-native-clipboard_clipboard:generateDebugBuildConfig UP-TO-DATE
> Task :react-native-clipboard_clipboard:javaPreCompileDebug UP-TO-DATE
> Task :react-native-clipboard_clipboard:compileDebugJavaWithJavac UP-TO-DATE
> Task :react-native-clipboard_clipboard:bundleLibCompileToJarDebug UP-TO-DATE
> Task :react-native-google-signin_google-signin:generateDebugBuildConfig UP-TO-DATE
> Task :react-native-google-signin_google-signin:compileDebugKotlin UP-TO-DATE
> Task :react-native-google-signin_google-signin:javaPreCompileDebug UP-TO-DATE
> Task :react-native-google-signin_google-signin:compileDebugJavaWithJavac UP-TO-DATE
> Task :react-native-google-signin_google-signin:bundleLibCompileToJarDebug UP-TO-DATE
> Task :react-native-image-picker:generateDebugBuildConfig UP-TO-DATE
> Task :react-native-image-picker:javaPreCompileDebug UP-TO-DATE
> Task :react-native-image-picker:compileDebugJavaWithJavac UP-TO-DATE
> Task :react-native-image-picker:bundleLibCompileToJarDebug UP-TO-DATE
> Task :react-native-ml-kit_barcode-scanning:generateDebugBuildConfig UP-TO-DATE
> Task :react-native-ml-kit_barcode-scanning:javaPreCompileDebug UP-TO-DATE
> Task :react-native-ml-kit_barcode-scanning:compileDebugJavaWithJavac UP-TO-DATE
> Task :react-native-ml-kit_barcode-scanning:bundleLibCompileToJarDebug UP-TO-DATE
> Task :react-native-nfc-manager:generateDebugBuildConfig UP-TO-DATE
> Task :react-native-nfc-manager:javaPreCompileDebug UP-TO-DATE
> Task :react-native-nfc-manager:compileDebugJavaWithJavac UP-TO-DATE
> Task :react-native-nfc-manager:bundleLibCompileToJarDebug UP-TO-DATE
> Task :react-native-safe-area-context:generateDebugBuildConfig UP-TO-DATE
> Task :react-native-safe-area-context:compileDebugKotlin UP-TO-DATE
> Task :react-native-safe-area-context:javaPreCompileDebug UP-TO-DATE
> Task :react-native-safe-area-context:compileDebugJavaWithJavac UP-TO-DATE
> Task :react-native-safe-area-context:bundleLibCompileToJarDebug UP-TO-DATE
> Task :react-native-screens:generateDebugBuildConfig UP-TO-DATE
> Task :react-native-screens:compileDebugKotlin UP-TO-DATE
> Task :react-native-screens:javaPreCompileDebug UP-TO-DATE
> Task :react-native-screens:compileDebugJavaWithJavac UP-TO-DATE
> Task :react-native-screens:bundleLibCompileToJarDebug UP-TO-DATE
> Task :react-native-svg:generateDebugBuildConfig UP-TO-DATE
> Task :react-native-svg:javaPreCompileDebug UP-TO-DATE
> Task :react-native-svg:compileDebugJavaWithJavac UP-TO-DATE
> Task :react-native-svg:bundleLibCompileToJarDebug UP-TO-DATE
> Task :react-native-vector-icons:generateDebugBuildConfig UP-TO-DATE
> Task :react-native-vector-icons:javaPreCompileDebug UP-TO-DATE
> Task :react-native-vector-icons:compileDebugJavaWithJavac UP-TO-DATE
> Task :react-native-vector-icons:bundleLibCompileToJarDebug UP-TO-DATE
> Task :react-native-vision-camera:generateDebugBuildConfig UP-TO-DATE
> Task :react-native-vision-camera:compileDebugKotlin UP-TO-DATE
> Task :react-native-vision-camera:javaPreCompileDebug UP-TO-DATE
> Task :react-native-vision-camera:compileDebugJavaWithJavac UP-TO-DATE
> Task :react-native-vision-camera:bundleLibCompileToJarDebug UP-TO-DATE
> Task :app:compileDebugJavaWithJavac UP-TO-DATE
> Task :app:mergeDebugShaders UP-TO-DATE
> Task :app:compileDebugShaders NO-SOURCE
> Task :app:copyReactNativeVectorIconFonts UP-TO-DATE
> Task :app:generateDebugAssets UP-TO-DATE
> Task :invertase_react-native-apple-authentication:mergeDebugShaders UP-TO-DATE
> Task :invertase_react-native-apple-authentication:compileDebugShaders NO-SOURCE
> Task :invertase_react-native-apple-authentication:generateDebugAssets UP-TO-DATE
> Task :invertase_react-native-apple-authentication:packageDebugAssets UP-TO-DATE
> Task :react-native-async-storage_async-storage:mergeDebugShaders UP-TO-DATE
> Task :react-native-async-storage_async-storage:compileDebugShaders NO-SOURCE
> Task :react-native-async-storage_async-storage:generateDebugAssets UP-TO-DATE
> Task :react-native-async-storage_async-storage:packageDebugAssets UP-TO-DATE
> Task :react-native-camera:mergeGeneralDebugShaders UP-TO-DATE
> Task :react-native-camera:compileGeneralDebugShaders NO-SOURCE
> Task :react-native-camera:generateGeneralDebugAssets UP-TO-DATE
> Task :react-native-camera:packageGeneralDebugAssets UP-TO-DATE
> Task :react-native-clipboard_clipboard:mergeDebugShaders UP-TO-DATE
> Task :react-native-clipboard_clipboard:compileDebugShaders NO-SOURCE
> Task :react-native-clipboard_clipboard:generateDebugAssets UP-TO-DATE
> Task :react-native-clipboard_clipboard:packageDebugAssets UP-TO-DATE
> Task :react-native-google-signin_google-signin:mergeDebugShaders UP-TO-DATE
> Task :react-native-google-signin_google-signin:compileDebugShaders NO-SOURCE
> Task :react-native-google-signin_google-signin:generateDebugAssets UP-TO-DATE
> Task :react-native-google-signin_google-signin:packageDebugAssets UP-TO-DATE
> Task :react-native-image-picker:mergeDebugShaders UP-TO-DATE
> Task :react-native-image-picker:compileDebugShaders NO-SOURCE
> Task :react-native-image-picker:generateDebugAssets UP-TO-DATE
> Task :react-native-image-picker:packageDebugAssets UP-TO-DATE
> Task :react-native-ml-kit_barcode-scanning:mergeDebugShaders UP-TO-DATE
> Task :react-native-ml-kit_barcode-scanning:compileDebugShaders NO-SOURCE
> Task :react-native-ml-kit_barcode-scanning:generateDebugAssets UP-TO-DATE
> Task :react-native-ml-kit_barcode-scanning:packageDebugAssets UP-TO-DATE
> Task :react-native-nfc-manager:mergeDebugShaders UP-TO-DATE
> Task :react-native-nfc-manager:compileDebugShaders NO-SOURCE
> Task :react-native-nfc-manager:generateDebugAssets UP-TO-DATE
> Task :react-native-nfc-manager:packageDebugAssets UP-TO-DATE
> Task :react-native-safe-area-context:mergeDebugShaders UP-TO-DATE
> Task :react-native-safe-area-context:compileDebugShaders NO-SOURCE
> Task :react-native-safe-area-context:generateDebugAssets UP-TO-DATE
> Task :react-native-safe-area-context:packageDebugAssets UP-TO-DATE
> Task :react-native-screens:mergeDebugShaders UP-TO-DATE
> Task :react-native-screens:compileDebugShaders NO-SOURCE
> Task :react-native-screens:generateDebugAssets UP-TO-DATE
> Task :react-native-screens:packageDebugAssets UP-TO-DATE
> Task :react-native-svg:mergeDebugShaders UP-TO-DATE
> Task :react-native-svg:compileDebugShaders NO-SOURCE
> Task :react-native-svg:generateDebugAssets UP-TO-DATE
> Task :react-native-svg:packageDebugAssets UP-TO-DATE
> Task :react-native-vector-icons:mergeDebugShaders UP-TO-DATE
> Task :react-native-vector-icons:compileDebugShaders NO-SOURCE
> Task :react-native-vector-icons:generateDebugAssets UP-TO-DATE
> Task :react-native-vector-icons:packageDebugAssets UP-TO-DATE
> Task :react-native-vision-camera:mergeDebugShaders UP-TO-DATE
> Task :react-native-vision-camera:compileDebugShaders NO-SOURCE
> Task :react-native-vision-camera:generateDebugAssets UP-TO-DATE
> Task :react-native-vision-camera:packageDebugAssets UP-TO-DATE
> Task :app:mergeDebugAssets
> Task :app:l8DexDesugarLibDebug UP-TO-DATE
> Task :app:processDebugJavaRes NO-SOURCE
> Task :invertase_react-native-apple-authentication:processDebugJavaRes UP-TO-DATE
> Task :react-native-async-storage_async-storage:processDebugJavaRes NO-SOURCE
> Task :react-native-camera:processGeneralDebugJavaRes NO-SOURCE
> Task :react-native-clipboard_clipboard:processDebugJavaRes NO-SOURCE
> Task :react-native-google-signin_google-signin:processDebugJavaRes UP-TO-DATE
> Task :react-native-image-picker:processDebugJavaRes NO-SOURCE
> Task :react-native-ml-kit_barcode-scanning:processDebugJavaRes NO-SOURCE
> Task :react-native-nfc-manager:processDebugJavaRes NO-SOURCE
> Task :react-native-safe-area-context:processDebugJavaRes UP-TO-DATE
> Task :react-native-screens:processDebugJavaRes UP-TO-DATE
> Task :react-native-svg:processDebugJavaRes NO-SOURCE
> Task :react-native-vector-icons:processDebugJavaRes NO-SOURCE
> Task :react-native-vision-camera:processDebugJavaRes UP-TO-DATE
> Task :app:mergeDebugJavaResource UP-TO-DATE
> Task :app:checkDebugDuplicateClasses UP-TO-DATE
> Task :app:desugarDebugFileDependencies UP-TO-DATE
> Task :app:mergeExtDexDebug UP-TO-DATE
> Task :invertase_react-native-apple-authentication:bundleLibRuntimeToDirDebug UP-TO-DATE
> Task :react-native-async-storage_async-storage:bundleLibRuntimeToDirDebug UP-TO-DATE
> Task :react-native-clipboard_clipboard:bundleLibRuntimeToDirDebug UP-TO-DATE
> Task :react-native-google-signin_google-signin:bundleLibRuntimeToDirDebug UP-TO-DATE
> Task :react-native-ml-kit_barcode-scanning:bundleLibRuntimeToDirDebug UP-TO-DATE
> Task :react-native-camera:bundleLibRuntimeToDirGeneralDebug UP-TO-DATE
> Task :react-native-image-picker:bundleLibRuntimeToDirDebug UP-TO-DATE
> Task :react-native-nfc-manager:bundleLibRuntimeToDirDebug UP-TO-DATE
> Task :react-native-safe-area-context:bundleLibRuntimeToDirDebug UP-TO-DATE
> Task :react-native-screens:bundleLibRuntimeToDirDebug UP-TO-DATE
> Task :app:compressDebugAssets
> Task :react-native-svg:bundleLibRuntimeToDirDebug UP-TO-DATE
> Task :react-native-vector-icons:bundleLibRuntimeToDirDebug UP-TO-DATE
> Task :react-native-vision-camera:bundleLibRuntimeToDirDebug UP-TO-DATE
> Task :app:dexBuilderDebug UP-TO-DATE
> Task :app:mergeProjectDexDebug UP-TO-DATE
> Task :app:mergeDebugJniLibFolders UP-TO-DATE
> Task :invertase_react-native-apple-authentication:mergeDebugJniLibFolders UP-TO-DATE
> Task :invertase_react-native-apple-authentication:mergeDebugNativeLibs NO-SOURCE
> Task :invertase_react-native-apple-authentication:copyDebugJniLibsProjectOnly UP-TO-DATE
> Task :app:mergeLibDexDebug UP-TO-DATE
> Task :react-native-async-storage_async-storage:mergeDebugJniLibFolders UP-TO-DATE
> Task :react-native-async-storage_async-storage:mergeDebugNativeLibs NO-SOURCE
> Task :react-native-async-storage_async-storage:copyDebugJniLibsProjectOnly UP-TO-DATE
> Task :react-native-camera:mergeGeneralDebugJniLibFolders UP-TO-DATE
> Task :react-native-camera:mergeGeneralDebugNativeLibs NO-SOURCE
> Task :react-native-camera:copyGeneralDebugJniLibsProjectOnly UP-TO-DATE
> Task :react-native-clipboard_clipboard:mergeDebugJniLibFolders UP-TO-DATE
> Task :react-native-clipboard_clipboard:mergeDebugNativeLibs NO-SOURCE
> Task :react-native-clipboard_clipboard:copyDebugJniLibsProjectOnly UP-TO-DATE
> Task :react-native-google-signin_google-signin:mergeDebugJniLibFolders UP-TO-DATE
> Task :react-native-google-signin_google-signin:mergeDebugNativeLibs NO-SOURCE
> Task :react-native-google-signin_google-signin:copyDebugJniLibsProjectOnly UP-TO-DATE
> Task :react-native-image-picker:mergeDebugJniLibFolders UP-TO-DATE
> Task :react-native-image-picker:mergeDebugNativeLibs NO-SOURCE
> Task :react-native-image-picker:copyDebugJniLibsProjectOnly UP-TO-DATE
> Task :react-native-ml-kit_barcode-scanning:mergeDebugJniLibFolders UP-TO-DATE
> Task :react-native-ml-kit_barcode-scanning:mergeDebugNativeLibs NO-SOURCE
> Task :react-native-ml-kit_barcode-scanning:copyDebugJniLibsProjectOnly UP-TO-DATE
> Task :react-native-nfc-manager:mergeDebugJniLibFolders UP-TO-DATE
> Task :react-native-nfc-manager:mergeDebugNativeLibs NO-SOURCE
> Task :react-native-nfc-manager:copyDebugJniLibsProjectOnly UP-TO-DATE
> Task :react-native-safe-area-context:mergeDebugJniLibFolders UP-TO-DATE
> Task :react-native-safe-area-context:mergeDebugNativeLibs NO-SOURCE
> Task :react-native-safe-area-context:copyDebugJniLibsProjectOnly UP-TO-DATE
> Task :react-native-screens:mergeDebugJniLibFolders UP-TO-DATE
> Task :react-native-screens:mergeDebugNativeLibs NO-SOURCE
> Task :react-native-screens:copyDebugJniLibsProjectOnly UP-TO-DATE
> Task :react-native-svg:mergeDebugJniLibFolders UP-TO-DATE
> Task :react-native-svg:mergeDebugNativeLibs NO-SOURCE
> Task :react-native-svg:copyDebugJniLibsProjectOnly UP-TO-DATE
> Task :react-native-vector-icons:mergeDebugJniLibFolders UP-TO-DATE
> Task :react-native-vector-icons:mergeDebugNativeLibs NO-SOURCE
> Task :react-native-vector-icons:copyDebugJniLibsProjectOnly UP-TO-DATE
> Task :react-native-vision-camera:configureCMakeDebug[arm64-v8a]
> Task :react-native-vision-camera:buildCMakeDebug[arm64-v8a]
> Task :react-native-vision-camera:configureCMakeDebug[armeabi-v7a]
> Task :react-native-vision-camera:buildCMakeDebug[armeabi-v7a]
> Task :react-native-vision-camera:configureCMakeDebug[x86]
> Task :react-native-vision-camera:buildCMakeDebug[x86]
> Task :react-native-vision-camera:configureCMakeDebug[x86_64]
> Task :react-native-vision-camera:buildCMakeDebug[x86_64]
> Task :react-native-vision-camera:mergeDebugJniLibFolders UP-TO-DATE
> Task :react-native-vision-camera:mergeDebugNativeLibs UP-TO-DATE
> Task :react-native-vision-camera:copyDebugJniLibsProjectOnly UP-TO-DATE
> Task :app:mergeDebugNativeLibs UP-TO-DATE
> Task :app:stripDebugDebugSymbols UP-TO-DATE
> Task :app:validateSigningDebug UP-TO-DATE
> Task :app:writeDebugAppMetadata UP-TO-DATE
> Task :app:writeDebugSigningConfigVersions UP-TO-DATE
> Task :invertase_react-native-apple-authentication:stripDebugDebugSymbols NO-SOURCE
> Task :invertase_react-native-apple-authentication:copyDebugJniLibsProjectAndLocalJars UP-TO-DATE
> Task :invertase_react-native-apple-authentication:extractDebugAnnotations UP-TO-DATE
> Task :invertase_react-native-apple-authentication:extractDeepLinksForAarDebug UP-TO-DATE
> Task :invertase_react-native-apple-authentication:mergeDebugGeneratedProguardFiles UP-TO-DATE
> Task :invertase_react-native-apple-authentication:mergeDebugConsumerProguardFiles UP-TO-DATE
> Task :invertase_react-native-apple-authentication:prepareDebugArtProfile UP-TO-DATE
> Task :invertase_react-native-apple-authentication:prepareLintJarForPublish UP-TO-DATE
> Task :invertase_react-native-apple-authentication:mergeDebugJavaResource UP-TO-DATE
> Task :invertase_react-native-apple-authentication:syncDebugLibJars UP-TO-DATE
> Task :invertase_react-native-apple-authentication:bundleDebugAar UP-TO-DATE
> Task :invertase_react-native-apple-authentication:assembleDebug UP-TO-DATE
> Task :react-native-async-storage_async-storage:stripDebugDebugSymbols NO-SOURCE
> Task :react-native-async-storage_async-storage:copyDebugJniLibsProjectAndLocalJars UP-TO-DATE
> Task :react-native-async-storage_async-storage:extractDebugAnnotations UP-TO-DATE
> Task :react-native-async-storage_async-storage:extractDeepLinksForAarDebug UP-TO-DATE
> Task :react-native-async-storage_async-storage:mergeDebugGeneratedProguardFiles UP-TO-DATE
> Task :react-native-async-storage_async-storage:mergeDebugConsumerProguardFiles UP-TO-DATE
> Task :react-native-async-storage_async-storage:prepareDebugArtProfile UP-TO-DATE
> Task :react-native-async-storage_async-storage:prepareLintJarForPublish UP-TO-DATE
> Task :react-native-async-storage_async-storage:mergeDebugJavaResource UP-TO-DATE
> Task :react-native-async-storage_async-storage:syncDebugLibJars UP-TO-DATE
> Task :react-native-async-storage_async-storage:bundleDebugAar UP-TO-DATE
> Task :react-native-async-storage_async-storage:assembleDebug UP-TO-DATE
> Task :react-native-camera:stripGeneralDebugDebugSymbols NO-SOURCE
> Task :react-native-camera:copyGeneralDebugJniLibsProjectAndLocalJars UP-TO-DATE
> Task :react-native-camera:extractDeepLinksForAarGeneralDebug UP-TO-DATE
> Task :react-native-camera:extractGeneralDebugAnnotations UP-TO-DATE
> Task :react-native-camera:mergeGeneralDebugGeneratedProguardFiles UP-TO-DATE
> Task :react-native-camera:mergeGeneralDebugConsumerProguardFiles UP-TO-DATE
> Task :react-native-camera:prepareGeneralDebugArtProfile UP-TO-DATE
> Task :react-native-camera:prepareLintJarForPublish UP-TO-DATE
> Task :react-native-camera:mergeGeneralDebugJavaResource UP-TO-DATE
> Task :react-native-camera:syncGeneralDebugLibJars UP-TO-DATE
> Task :react-native-camera:bundleGeneralDebugAar UP-TO-DATE
> Task :react-native-camera:assembleGeneralDebug UP-TO-DATE
> Task :react-native-camera:preMlkitDebugBuild UP-TO-DATE
> Task :react-native-camera:mergeMlkitDebugJniLibFolders UP-TO-DATE
> Task :react-native-camera:mergeMlkitDebugNativeLibs NO-SOURCE
> Task :react-native-camera:stripMlkitDebugDebugSymbols NO-SOURCE
> Task :react-native-camera:copyMlkitDebugJniLibsProjectAndLocalJars UP-TO-DATE
> Task :react-native-camera:generateMlkitDebugResValues UP-TO-DATE
> Task :react-native-camera:extractDeepLinksForAarMlkitDebug UP-TO-DATE
> Task :react-native-camera:generateMlkitDebugBuildConfig UP-TO-DATE
> Task :react-native-camera:generateMlkitDebugResources UP-TO-DATE
> Task :react-native-camera:packageMlkitDebugResources UP-TO-DATE
> Task :react-native-camera:parseMlkitDebugLocalResources UP-TO-DATE
> Task :react-native-camera:processMlkitDebugManifest UP-TO-DATE
> Task :react-native-camera:generateMlkitDebugRFile UP-TO-DATE
> Task :react-native-camera:extractMlkitDebugAnnotations UP-TO-DATE
> Task :react-native-camera:javaPreCompileMlkitDebug UP-TO-DATE
> Task :react-native-camera:compileMlkitDebugJavaWithJavac UP-TO-DATE
> Task :react-native-camera:mergeMlkitDebugGeneratedProguardFiles UP-TO-DATE
> Task :react-native-camera:mergeMlkitDebugConsumerProguardFiles UP-TO-DATE
> Task :react-native-camera:mergeMlkitDebugShaders UP-TO-DATE
> Task :react-native-camera:compileMlkitDebugShaders NO-SOURCE
> Task :react-native-camera:generateMlkitDebugAssets UP-TO-DATE
> Task :react-native-camera:packageMlkitDebugAssets UP-TO-DATE
> Task :react-native-camera:prepareMlkitDebugArtProfile UP-TO-DATE
> Task :react-native-camera:processMlkitDebugJavaRes NO-SOURCE
> Task :react-native-camera:mergeMlkitDebugJavaResource UP-TO-DATE
> Task :react-native-camera:syncMlkitDebugLibJars UP-TO-DATE
> Task :react-native-camera:writeMlkitDebugAarMetadata UP-TO-DATE
> Task :react-native-camera:bundleMlkitDebugAar UP-TO-DATE
> Task :react-native-camera:assembleMlkitDebug UP-TO-DATE
> Task :react-native-camera:assembleDebug UP-TO-DATE
> Task :react-native-clipboard_clipboard:stripDebugDebugSymbols NO-SOURCE
> Task :react-native-clipboard_clipboard:copyDebugJniLibsProjectAndLocalJars UP-TO-DATE
> Task :react-native-clipboard_clipboard:extractDebugAnnotations UP-TO-DATE
> Task :react-native-clipboard_clipboard:extractDeepLinksForAarDebug UP-TO-DATE
> Task :react-native-clipboard_clipboard:mergeDebugGeneratedProguardFiles UP-TO-DATE
> Task :react-native-clipboard_clipboard:mergeDebugConsumerProguardFiles UP-TO-DATE
> Task :react-native-clipboard_clipboard:prepareDebugArtProfile UP-TO-DATE
> Task :react-native-clipboard_clipboard:prepareLintJarForPublish UP-TO-DATE
> Task :react-native-clipboard_clipboard:mergeDebugJavaResource UP-TO-DATE
> Task :react-native-clipboard_clipboard:syncDebugLibJars UP-TO-DATE
> Task :react-native-clipboard_clipboard:bundleDebugAar UP-TO-DATE
> Task :react-native-clipboard_clipboard:assembleDebug UP-TO-DATE
> Task :react-native-google-signin_google-signin:stripDebugDebugSymbols NO-SOURCE
> Task :react-native-google-signin_google-signin:copyDebugJniLibsProjectAndLocalJars UP-TO-DATE
> Task :react-native-google-signin_google-signin:extractDebugAnnotations UP-TO-DATE
> Task :react-native-google-signin_google-signin:extractDeepLinksForAarDebug UP-TO-DATE
> Task :react-native-google-signin_google-signin:mergeDebugGeneratedProguardFiles UP-TO-DATE
> Task :react-native-google-signin_google-signin:mergeDebugConsumerProguardFiles UP-TO-DATE
> Task :react-native-google-signin_google-signin:prepareDebugArtProfile UP-TO-DATE
> Task :react-native-google-signin_google-signin:prepareLintJarForPublish UP-TO-DATE
> Task :react-native-google-signin_google-signin:mergeDebugJavaResource UP-TO-DATE
> Task :react-native-google-signin_google-signin:syncDebugLibJars UP-TO-DATE
> Task :react-native-google-signin_google-signin:bundleDebugAar UP-TO-DATE
> Task :react-native-google-signin_google-signin:assembleDebug UP-TO-DATE
> Task :react-native-image-picker:stripDebugDebugSymbols NO-SOURCE
> Task :react-native-image-picker:copyDebugJniLibsProjectAndLocalJars UP-TO-DATE
> Task :react-native-image-picker:extractDebugAnnotations UP-TO-DATE
> Task :react-native-image-picker:extractDeepLinksForAarDebug UP-TO-DATE
> Task :react-native-image-picker:mergeDebugGeneratedProguardFiles UP-TO-DATE
> Task :react-native-image-picker:mergeDebugConsumerProguardFiles UP-TO-DATE
> Task :react-native-image-picker:prepareDebugArtProfile UP-TO-DATE
> Task :react-native-image-picker:prepareLintJarForPublish UP-TO-DATE
> Task :react-native-image-picker:mergeDebugJavaResource UP-TO-DATE
> Task :react-native-image-picker:syncDebugLibJars UP-TO-DATE
> Task :react-native-image-picker:bundleDebugAar UP-TO-DATE
> Task :react-native-image-picker:assembleDebug UP-TO-DATE
> Task :react-native-ml-kit_barcode-scanning:stripDebugDebugSymbols NO-SOURCE
> Task :react-native-ml-kit_barcode-scanning:copyDebugJniLibsProjectAndLocalJars UP-TO-DATE
> Task :react-native-ml-kit_barcode-scanning:extractDebugAnnotations UP-TO-DATE
> Task :react-native-ml-kit_barcode-scanning:extractDeepLinksForAarDebug UP-TO-DATE
> Task :react-native-ml-kit_barcode-scanning:mergeDebugGeneratedProguardFiles UP-TO-DATE
> Task :react-native-ml-kit_barcode-scanning:mergeDebugConsumerProguardFiles UP-TO-DATE
> Task :react-native-ml-kit_barcode-scanning:prepareDebugArtProfile UP-TO-DATE
> Task :react-native-ml-kit_barcode-scanning:prepareLintJarForPublish UP-TO-DATE
> Task :react-native-ml-kit_barcode-scanning:mergeDebugJavaResource UP-TO-DATE
> Task :react-native-ml-kit_barcode-scanning:syncDebugLibJars UP-TO-DATE
> Task :react-native-ml-kit_barcode-scanning:bundleDebugAar UP-TO-DATE
> Task :react-native-ml-kit_barcode-scanning:assembleDebug UP-TO-DATE
> Task :react-native-nfc-manager:stripDebugDebugSymbols NO-SOURCE
> Task :react-native-nfc-manager:copyDebugJniLibsProjectAndLocalJars UP-TO-DATE
> Task :react-native-nfc-manager:extractDebugAnnotations UP-TO-DATE
> Task :react-native-nfc-manager:extractDeepLinksForAarDebug UP-TO-DATE
> Task :react-native-nfc-manager:mergeDebugGeneratedProguardFiles UP-TO-DATE
> Task :react-native-nfc-manager:mergeDebugConsumerProguardFiles UP-TO-DATE
> Task :react-native-nfc-manager:prepareDebugArtProfile UP-TO-DATE
> Task :react-native-nfc-manager:prepareLintJarForPublish UP-TO-DATE
> Task :react-native-nfc-manager:mergeDebugJavaResource UP-TO-DATE
> Task :react-native-nfc-manager:syncDebugLibJars UP-TO-DATE
> Task :react-native-nfc-manager:bundleDebugAar UP-TO-DATE
> Task :react-native-nfc-manager:assembleDebug UP-TO-DATE
> Task :react-native-safe-area-context:stripDebugDebugSymbols NO-SOURCE
> Task :react-native-safe-area-context:copyDebugJniLibsProjectAndLocalJars UP-TO-DATE
> Task :react-native-safe-area-context:extractDebugAnnotations UP-TO-DATE
> Task :react-native-safe-area-context:extractDeepLinksForAarDebug UP-TO-DATE
> Task :react-native-safe-area-context:mergeDebugGeneratedProguardFiles UP-TO-DATE
> Task :react-native-safe-area-context:mergeDebugConsumerProguardFiles UP-TO-DATE
> Task :react-native-safe-area-context:prepareDebugArtProfile UP-TO-DATE
> Task :react-native-safe-area-context:prepareLintJarForPublish UP-TO-DATE
> Task :react-native-safe-area-context:mergeDebugJavaResource UP-TO-DATE
> Task :react-native-safe-area-context:syncDebugLibJars UP-TO-DATE
> Task :react-native-safe-area-context:bundleDebugAar UP-TO-DATE
> Task :react-native-safe-area-context:assembleDebug UP-TO-DATE
> Task :react-native-screens:stripDebugDebugSymbols NO-SOURCE
> Task :react-native-screens:copyDebugJniLibsProjectAndLocalJars UP-TO-DATE
> Task :react-native-screens:extractDebugAnnotations UP-TO-DATE
> Task :react-native-screens:extractDeepLinksForAarDebug UP-TO-DATE
> Task :react-native-screens:mergeDebugGeneratedProguardFiles UP-TO-DATE
> Task :react-native-screens:mergeDebugConsumerProguardFiles UP-TO-DATE
> Task :react-native-screens:prepareDebugArtProfile UP-TO-DATE
> Task :react-native-screens:prepareLintJarForPublish UP-TO-DATE
> Task :react-native-screens:mergeDebugJavaResource UP-TO-DATE
> Task :react-native-screens:syncDebugLibJars UP-TO-DATE
> Task :react-native-screens:bundleDebugAar UP-TO-DATE
> Task :react-native-screens:assembleDebug UP-TO-DATE
> Task :react-native-svg:stripDebugDebugSymbols NO-SOURCE
> Task :react-native-svg:copyDebugJniLibsProjectAndLocalJars UP-TO-DATE
> Task :react-native-svg:extractDebugAnnotations UP-TO-DATE
> Task :react-native-svg:extractDeepLinksForAarDebug UP-TO-DATE
> Task :react-native-svg:mergeDebugGeneratedProguardFiles UP-TO-DATE
> Task :react-native-svg:mergeDebugConsumerProguardFiles UP-TO-DATE
> Task :react-native-svg:prepareDebugArtProfile UP-TO-DATE
> Task :react-native-svg:prepareLintJarForPublish UP-TO-DATE
> Task :react-native-svg:mergeDebugJavaResource UP-TO-DATE
> Task :react-native-svg:syncDebugLibJars UP-TO-DATE
> Task :react-native-svg:bundleDebugAar UP-TO-DATE
> Task :react-native-svg:assembleDebug UP-TO-DATE
> Task :react-native-vector-icons:stripDebugDebugSymbols NO-SOURCE
> Task :react-native-vector-icons:copyDebugJniLibsProjectAndLocalJars UP-TO-DATE
> Task :react-native-vector-icons:extractDebugAnnotations UP-TO-DATE
> Task :react-native-vector-icons:extractDeepLinksForAarDebug UP-TO-DATE
> Task :react-native-vector-icons:mergeDebugGeneratedProguardFiles UP-TO-DATE
> Task :react-native-vector-icons:mergeDebugConsumerProguardFiles UP-TO-DATE
> Task :react-native-vector-icons:prepareDebugArtProfile UP-TO-DATE
> Task :react-native-vector-icons:prepareLintJarForPublish UP-TO-DATE
> Task :react-native-vector-icons:mergeDebugJavaResource UP-TO-DATE
> Task :react-native-vector-icons:syncDebugLibJars UP-TO-DATE
> Task :react-native-vector-icons:bundleDebugAar UP-TO-DATE
> Task :react-native-vector-icons:assembleDebug UP-TO-DATE
> Task :react-native-vision-camera:extractDebugAnnotations UP-TO-DATE
> Task :react-native-vision-camera:extractDeepLinksForAarDebug UP-TO-DATE
> Task :react-native-vision-camera:mergeDebugGeneratedProguardFiles UP-TO-DATE
> Task :react-native-vision-camera:mergeDebugConsumerProguardFiles UP-TO-DATE
> Task :react-native-vision-camera:stripDebugDebugSymbols
> Task :react-native-vision-camera:externalNativeBuildDebug
> Task :react-native-vision-camera:generateJsonModelDebug
> Task :react-native-vision-camera:prefabDebugConfigurePackage UP-TO-DATE
> Task :react-native-vision-camera:prefabDebugPackage UP-TO-DATE
> Task :react-native-vision-camera:prepareDebugArtProfile UP-TO-DATE
> Task :react-native-vision-camera:copyDebugJniLibsProjectAndLocalJars
> Task :app:packageDebug
> Task :app:createDebugApkListingFileRedirect UP-TO-DATE
> Task :app:assembleDebug
> Task :react-native-vision-camera:prepareLintJarForPublish UP-TO-DATE
> Task :react-native-vision-camera:mergeDebugJavaResource UP-TO-DATE
> Task :react-native-vision-camera:syncDebugLibJars UP-TO-DATE
> Task :react-native-vision-camera:bundleDebugAar
> Task :react-native-vision-camera:assembleDebug
> Task :invertase_react-native-apple-authentication:preReleaseBuild UP-TO-DATE
> Task :invertase_react-native-apple-authentication:mergeReleaseJniLibFolders UP-TO-DATE
> Task :invertase_react-native-apple-authentication:mergeReleaseNativeLibs NO-SOURCE
> Task :invertase_react-native-apple-authentication:stripReleaseDebugSymbols NO-SOURCE
> Task :invertase_react-native-apple-authentication:copyReleaseJniLibsProjectAndLocalJars UP-TO-DATE
> Task :invertase_react-native-apple-authentication:generateReleaseResValues UP-TO-DATE
> Task :invertase_react-native-apple-authentication:extractDeepLinksForAarRelease UP-TO-DATE
> Task :invertase_react-native-apple-authentication:generateReleaseBuildConfig UP-TO-DATE
> Task :invertase_react-native-apple-authentication:generateReleaseResources UP-TO-DATE
> Task :invertase_react-native-apple-authentication:packageReleaseResources UP-TO-DATE
> Task :invertase_react-native-apple-authentication:parseReleaseLocalResources UP-TO-DATE
> Task :invertase_react-native-apple-authentication:processReleaseManifest UP-TO-DATE
> Task :invertase_react-native-apple-authentication:generateReleaseRFile UP-TO-DATE
> Task :invertase_react-native-apple-authentication:compileReleaseKotlin UP-TO-DATE
> Task :invertase_react-native-apple-authentication:extractReleaseAnnotations UP-TO-DATE
> Task :invertase_react-native-apple-authentication:javaPreCompileRelease UP-TO-DATE
> Task :invertase_react-native-apple-authentication:compileReleaseJavaWithJavac UP-TO-DATE
> Task :invertase_react-native-apple-authentication:mergeReleaseGeneratedProguardFiles UP-TO-DATE
> Task :invertase_react-native-apple-authentication:mergeReleaseConsumerProguardFiles UP-TO-DATE
> Task :invertase_react-native-apple-authentication:mergeReleaseShaders UP-TO-DATE
> Task :invertase_react-native-apple-authentication:compileReleaseShaders NO-SOURCE
> Task :invertase_react-native-apple-authentication:generateReleaseAssets UP-TO-DATE
> Task :invertase_react-native-apple-authentication:packageReleaseAssets UP-TO-DATE
> Task :invertase_react-native-apple-authentication:prepareReleaseArtProfile UP-TO-DATE
> Task :invertase_react-native-apple-authentication:processReleaseJavaRes UP-TO-DATE
> Task :invertase_react-native-apple-authentication:mergeReleaseJavaResource UP-TO-DATE
> Task :invertase_react-native-apple-authentication:syncReleaseLibJars UP-TO-DATE
> Task :invertase_react-native-apple-authentication:writeReleaseAarMetadata UP-TO-DATE
> Task :invertase_react-native-apple-authentication:bundleReleaseLocalLintAar UP-TO-DATE
> Task :react-native-async-storage_async-storage:preReleaseBuild UP-TO-DATE
> Task :react-native-async-storage_async-storage:mergeReleaseJniLibFolders UP-TO-DATE
> Task :react-native-async-storage_async-storage:mergeReleaseNativeLibs NO-SOURCE
> Task :react-native-async-storage_async-storage:stripReleaseDebugSymbols NO-SOURCE
> Task :react-native-async-storage_async-storage:copyReleaseJniLibsProjectAndLocalJars UP-TO-DATE
> Task :react-native-async-storage_async-storage:generateReleaseResValues UP-TO-DATE
> Task :react-native-async-storage_async-storage:extractDeepLinksForAarRelease UP-TO-DATE
> Task :react-native-async-storage_async-storage:generateReleaseBuildConfig UP-TO-DATE
> Task :react-native-async-storage_async-storage:generateReleaseResources UP-TO-DATE
> Task :react-native-async-storage_async-storage:packageReleaseResources UP-TO-DATE
> Task :react-native-async-storage_async-storage:parseReleaseLocalResources UP-TO-DATE
> Task :react-native-async-storage_async-storage:processReleaseManifest UP-TO-DATE
> Task :react-native-async-storage_async-storage:generateReleaseRFile UP-TO-DATE
> Task :react-native-async-storage_async-storage:extractReleaseAnnotations UP-TO-DATE
> Task :react-native-async-storage_async-storage:javaPreCompileRelease UP-TO-DATE
> Task :react-native-async-storage_async-storage:compileReleaseJavaWithJavac UP-TO-DATE
> Task :react-native-async-storage_async-storage:mergeReleaseGeneratedProguardFiles UP-TO-DATE
> Task :react-native-async-storage_async-storage:mergeReleaseConsumerProguardFiles UP-TO-DATE
> Task :react-native-async-storage_async-storage:mergeReleaseShaders UP-TO-DATE
> Task :react-native-async-storage_async-storage:compileReleaseShaders NO-SOURCE
> Task :react-native-async-storage_async-storage:generateReleaseAssets UP-TO-DATE
> Task :react-native-async-storage_async-storage:packageReleaseAssets UP-TO-DATE
> Task :react-native-async-storage_async-storage:prepareReleaseArtProfile UP-TO-DATE
> Task :react-native-async-storage_async-storage:processReleaseJavaRes NO-SOURCE
> Task :react-native-async-storage_async-storage:mergeReleaseJavaResource UP-TO-DATE
> Task :react-native-async-storage_async-storage:syncReleaseLibJars UP-TO-DATE
> Task :react-native-async-storage_async-storage:writeReleaseAarMetadata UP-TO-DATE
> Task :react-native-async-storage_async-storage:bundleReleaseLocalLintAar UP-TO-DATE
> Task :react-native-clipboard_clipboard:preReleaseBuild UP-TO-DATE
> Task :react-native-clipboard_clipboard:mergeReleaseJniLibFolders UP-TO-DATE
> Task :react-native-clipboard_clipboard:mergeReleaseNativeLibs NO-SOURCE
> Task :react-native-clipboard_clipboard:stripReleaseDebugSymbols NO-SOURCE
> Task :react-native-clipboard_clipboard:copyReleaseJniLibsProjectAndLocalJars UP-TO-DATE
> Task :react-native-clipboard_clipboard:generateReleaseResValues UP-TO-DATE
> Task :react-native-clipboard_clipboard:extractDeepLinksForAarRelease UP-TO-DATE
> Task :react-native-clipboard_clipboard:generateReleaseBuildConfig UP-TO-DATE
> Task :react-native-clipboard_clipboard:generateReleaseResources UP-TO-DATE
> Task :react-native-clipboard_clipboard:packageReleaseResources UP-TO-DATE
> Task :react-native-clipboard_clipboard:parseReleaseLocalResources UP-TO-DATE
> Task :react-native-clipboard_clipboard:processReleaseManifest UP-TO-DATE
> Task :react-native-clipboard_clipboard:generateReleaseRFile UP-TO-DATE
> Task :react-native-clipboard_clipboard:extractReleaseAnnotations UP-TO-DATE
> Task :react-native-clipboard_clipboard:javaPreCompileRelease UP-TO-DATE
> Task :react-native-clipboard_clipboard:compileReleaseJavaWithJavac UP-TO-DATE
> Task :react-native-clipboard_clipboard:mergeReleaseGeneratedProguardFiles UP-TO-DATE
> Task :react-native-clipboard_clipboard:mergeReleaseConsumerProguardFiles UP-TO-DATE
> Task :react-native-clipboard_clipboard:mergeReleaseShaders UP-TO-DATE
> Task :react-native-clipboard_clipboard:compileReleaseShaders NO-SOURCE
> Task :react-native-clipboard_clipboard:generateReleaseAssets UP-TO-DATE
> Task :react-native-clipboard_clipboard:packageReleaseAssets UP-TO-DATE
> Task :react-native-clipboard_clipboard:prepareReleaseArtProfile UP-TO-DATE
> Task :react-native-clipboard_clipboard:processReleaseJavaRes NO-SOURCE
> Task :react-native-clipboard_clipboard:mergeReleaseJavaResource UP-TO-DATE
> Task :react-native-clipboard_clipboard:syncReleaseLibJars UP-TO-DATE
> Task :react-native-clipboard_clipboard:writeReleaseAarMetadata UP-TO-DATE
> Task :react-native-clipboard_clipboard:bundleReleaseLocalLintAar UP-TO-DATE
> Task :react-native-google-signin_google-signin:preReleaseBuild UP-TO-DATE
> Task :react-native-google-signin_google-signin:mergeReleaseJniLibFolders UP-TO-DATE
> Task :react-native-google-signin_google-signin:mergeReleaseNativeLibs NO-SOURCE
> Task :react-native-google-signin_google-signin:stripReleaseDebugSymbols NO-SOURCE
> Task :react-native-google-signin_google-signin:copyReleaseJniLibsProjectAndLocalJars UP-TO-DATE
> Task :react-native-google-signin_google-signin:generateReleaseResValues UP-TO-DATE
> Task :react-native-google-signin_google-signin:extractDeepLinksForAarRelease UP-TO-DATE
> Task :react-native-google-signin_google-signin:generateReleaseBuildConfig UP-TO-DATE
> Task :react-native-google-signin_google-signin:generateReleaseResources UP-TO-DATE
> Task :react-native-google-signin_google-signin:packageReleaseResources UP-TO-DATE
> Task :react-native-google-signin_google-signin:parseReleaseLocalResources UP-TO-DATE
> Task :react-native-google-signin_google-signin:processReleaseManifest UP-TO-DATE
> Task :react-native-google-signin_google-signin:generateReleaseRFile UP-TO-DATE
> Task :react-native-google-signin_google-signin:compileReleaseKotlin UP-TO-DATE
> Task :react-native-google-signin_google-signin:extractReleaseAnnotations UP-TO-DATE
> Task :react-native-google-signin_google-signin:javaPreCompileRelease UP-TO-DATE
> Task :react-native-google-signin_google-signin:compileReleaseJavaWithJavac UP-TO-DATE
> Task :react-native-google-signin_google-signin:mergeReleaseGeneratedProguardFiles UP-TO-DATE
> Task :react-native-google-signin_google-signin:mergeReleaseConsumerProguardFiles UP-TO-DATE
> Task :react-native-google-signin_google-signin:mergeReleaseShaders UP-TO-DATE
> Task :react-native-google-signin_google-signin:compileReleaseShaders NO-SOURCE
> Task :react-native-google-signin_google-signin:generateReleaseAssets UP-TO-DATE
> Task :react-native-google-signin_google-signin:packageReleaseAssets UP-TO-DATE
> Task :react-native-google-signin_google-signin:prepareReleaseArtProfile UP-TO-DATE
> Task :react-native-google-signin_google-signin:processReleaseJavaRes UP-TO-DATE
> Task :react-native-google-signin_google-signin:mergeReleaseJavaResource UP-TO-DATE
> Task :react-native-google-signin_google-signin:syncReleaseLibJars UP-TO-DATE
> Task :react-native-google-signin_google-signin:writeReleaseAarMetadata UP-TO-DATE
> Task :react-native-google-signin_google-signin:bundleReleaseLocalLintAar UP-TO-DATE
> Task :react-native-ml-kit_barcode-scanning:preReleaseBuild UP-TO-DATE
> Task :react-native-ml-kit_barcode-scanning:mergeReleaseJniLibFolders UP-TO-DATE
> Task :react-native-ml-kit_barcode-scanning:mergeReleaseNativeLibs NO-SOURCE
> Task :react-native-ml-kit_barcode-scanning:stripReleaseDebugSymbols NO-SOURCE
> Task :react-native-ml-kit_barcode-scanning:copyReleaseJniLibsProjectAndLocalJars UP-TO-DATE
> Task :react-native-ml-kit_barcode-scanning:generateReleaseResValues UP-TO-DATE
> Task :react-native-ml-kit_barcode-scanning:extractDeepLinksForAarRelease UP-TO-DATE
> Task :react-native-ml-kit_barcode-scanning:generateReleaseBuildConfig UP-TO-DATE
> Task :react-native-ml-kit_barcode-scanning:generateReleaseResources UP-TO-DATE
> Task :react-native-ml-kit_barcode-scanning:packageReleaseResources UP-TO-DATE
> Task :react-native-ml-kit_barcode-scanning:parseReleaseLocalResources UP-TO-DATE
> Task :react-native-ml-kit_barcode-scanning:processReleaseManifest UP-TO-DATE
> Task :react-native-ml-kit_barcode-scanning:generateReleaseRFile UP-TO-DATE
> Task :react-native-ml-kit_barcode-scanning:extractReleaseAnnotations UP-TO-DATE
> Task :react-native-ml-kit_barcode-scanning:javaPreCompileRelease UP-TO-DATE
> Task :react-native-ml-kit_barcode-scanning:compileReleaseJavaWithJavac UP-TO-DATE
> Task :react-native-ml-kit_barcode-scanning:mergeReleaseGeneratedProguardFiles UP-TO-DATE
> Task :react-native-ml-kit_barcode-scanning:mergeReleaseConsumerProguardFiles UP-TO-DATE
> Task :react-native-ml-kit_barcode-scanning:mergeReleaseShaders UP-TO-DATE
> Task :react-native-ml-kit_barcode-scanning:compileReleaseShaders NO-SOURCE
> Task :react-native-ml-kit_barcode-scanning:generateReleaseAssets UP-TO-DATE
> Task :react-native-ml-kit_barcode-scanning:packageReleaseAssets UP-TO-DATE
> Task :react-native-ml-kit_barcode-scanning:prepareReleaseArtProfile UP-TO-DATE
> Task :react-native-ml-kit_barcode-scanning:processReleaseJavaRes NO-SOURCE
> Task :react-native-ml-kit_barcode-scanning:mergeReleaseJavaResource UP-TO-DATE
> Task :react-native-ml-kit_barcode-scanning:syncReleaseLibJars UP-TO-DATE
> Task :react-native-ml-kit_barcode-scanning:writeReleaseAarMetadata UP-TO-DATE
> Task :react-native-ml-kit_barcode-scanning:bundleReleaseLocalLintAar UP-TO-DATE
> Task :react-native-camera:preGeneralReleaseBuild UP-TO-DATE
> Task :react-native-camera:mergeGeneralReleaseJniLibFolders UP-TO-DATE
> Task :react-native-camera:mergeGeneralReleaseNativeLibs NO-SOURCE
> Task :react-native-camera:stripGeneralReleaseDebugSymbols NO-SOURCE
> Task :react-native-camera:copyGeneralReleaseJniLibsProjectAndLocalJars UP-TO-DATE
> Task :react-native-camera:generateGeneralReleaseResValues UP-TO-DATE
> Task :react-native-camera:extractDeepLinksForAarGeneralRelease UP-TO-DATE
> Task :react-native-camera:generateGeneralReleaseBuildConfig UP-TO-DATE
> Task :react-native-camera:generateGeneralReleaseResources UP-TO-DATE
> Task :react-native-camera:packageGeneralReleaseResources UP-TO-DATE
> Task :react-native-camera:parseGeneralReleaseLocalResources UP-TO-DATE
> Task :react-native-camera:processGeneralReleaseManifest UP-TO-DATE
> Task :react-native-camera:generateGeneralReleaseRFile UP-TO-DATE
> Task :react-native-camera:extractGeneralReleaseAnnotations UP-TO-DATE
> Task :react-native-camera:javaPreCompileGeneralRelease UP-TO-DATE
> Task :react-native-camera:compileGeneralReleaseJavaWithJavac UP-TO-DATE
> Task :react-native-camera:mergeGeneralReleaseGeneratedProguardFiles UP-TO-DATE
> Task :react-native-camera:mergeGeneralReleaseConsumerProguardFiles UP-TO-DATE
> Task :react-native-camera:mergeGeneralReleaseShaders UP-TO-DATE
> Task :react-native-camera:compileGeneralReleaseShaders NO-SOURCE
> Task :react-native-camera:generateGeneralReleaseAssets UP-TO-DATE
> Task :react-native-camera:packageGeneralReleaseAssets UP-TO-DATE
> Task :react-native-camera:prepareGeneralReleaseArtProfile UP-TO-DATE
> Task :react-native-camera:processGeneralReleaseJavaRes NO-SOURCE
> Task :react-native-camera:mergeGeneralReleaseJavaResource UP-TO-DATE
> Task :react-native-camera:syncGeneralReleaseLibJars UP-TO-DATE
> Task :react-native-camera:writeGeneralReleaseAarMetadata UP-TO-DATE
> Task :react-native-camera:bundleGeneralReleaseLocalLintAar UP-TO-DATE
> Task :react-native-image-picker:preReleaseBuild UP-TO-DATE
> Task :react-native-image-picker:mergeReleaseJniLibFolders UP-TO-DATE
> Task :react-native-image-picker:mergeReleaseNativeLibs NO-SOURCE
> Task :react-native-image-picker:stripReleaseDebugSymbols NO-SOURCE
> Task :react-native-image-picker:copyReleaseJniLibsProjectAndLocalJars UP-TO-DATE
> Task :react-native-image-picker:generateReleaseResValues UP-TO-DATE
> Task :react-native-image-picker:extractDeepLinksForAarRelease UP-TO-DATE
> Task :react-native-image-picker:generateReleaseBuildConfig UP-TO-DATE
> Task :react-native-image-picker:generateReleaseResources UP-TO-DATE
> Task :react-native-image-picker:packageReleaseResources UP-TO-DATE
> Task :react-native-image-picker:parseReleaseLocalResources UP-TO-DATE
> Task :react-native-image-picker:processReleaseManifest UP-TO-DATE
> Task :react-native-image-picker:generateReleaseRFile UP-TO-DATE
> Task :react-native-image-picker:extractReleaseAnnotations UP-TO-DATE
> Task :react-native-image-picker:javaPreCompileRelease UP-TO-DATE
> Task :react-native-image-picker:compileReleaseJavaWithJavac UP-TO-DATE
> Task :react-native-image-picker:mergeReleaseGeneratedProguardFiles UP-TO-DATE
> Task :react-native-image-picker:mergeReleaseConsumerProguardFiles UP-TO-DATE
> Task :react-native-image-picker:mergeReleaseShaders UP-TO-DATE
> Task :react-native-image-picker:compileReleaseShaders NO-SOURCE
> Task :react-native-image-picker:generateReleaseAssets UP-TO-DATE
> Task :react-native-image-picker:packageReleaseAssets UP-TO-DATE
> Task :react-native-image-picker:prepareReleaseArtProfile UP-TO-DATE
> Task :react-native-image-picker:processReleaseJavaRes NO-SOURCE
> Task :react-native-image-picker:mergeReleaseJavaResource UP-TO-DATE
> Task :react-native-image-picker:syncReleaseLibJars UP-TO-DATE
> Task :react-native-image-picker:writeReleaseAarMetadata UP-TO-DATE
> Task :react-native-image-picker:bundleReleaseLocalLintAar UP-TO-DATE
> Task :react-native-nfc-manager:preReleaseBuild UP-TO-DATE
> Task :react-native-nfc-manager:mergeReleaseJniLibFolders UP-TO-DATE
> Task :react-native-nfc-manager:mergeReleaseNativeLibs NO-SOURCE
> Task :react-native-nfc-manager:stripReleaseDebugSymbols NO-SOURCE
> Task :react-native-nfc-manager:copyReleaseJniLibsProjectAndLocalJars UP-TO-DATE
> Task :react-native-nfc-manager:generateReleaseResValues UP-TO-DATE
> Task :react-native-nfc-manager:extractDeepLinksForAarRelease UP-TO-DATE
> Task :react-native-nfc-manager:generateReleaseBuildConfig UP-TO-DATE
> Task :react-native-nfc-manager:generateReleaseResources UP-TO-DATE
> Task :react-native-nfc-manager:packageReleaseResources UP-TO-DATE
> Task :react-native-nfc-manager:parseReleaseLocalResources UP-TO-DATE
> Task :react-native-nfc-manager:processReleaseManifest UP-TO-DATE
> Task :react-native-nfc-manager:generateReleaseRFile UP-TO-DATE
> Task :react-native-nfc-manager:extractReleaseAnnotations UP-TO-DATE
> Task :react-native-nfc-manager:javaPreCompileRelease UP-TO-DATE
> Task :react-native-nfc-manager:compileReleaseJavaWithJavac UP-TO-DATE
> Task :react-native-nfc-manager:mergeReleaseGeneratedProguardFiles UP-TO-DATE
> Task :react-native-nfc-manager:mergeReleaseConsumerProguardFiles UP-TO-DATE
> Task :react-native-nfc-manager:mergeReleaseShaders UP-TO-DATE
> Task :react-native-nfc-manager:compileReleaseShaders NO-SOURCE
> Task :react-native-nfc-manager:generateReleaseAssets UP-TO-DATE
> Task :react-native-nfc-manager:packageReleaseAssets UP-TO-DATE
> Task :react-native-nfc-manager:prepareReleaseArtProfile UP-TO-DATE
> Task :react-native-nfc-manager:processReleaseJavaRes NO-SOURCE
> Task :react-native-nfc-manager:mergeReleaseJavaResource UP-TO-DATE
> Task :react-native-nfc-manager:syncReleaseLibJars UP-TO-DATE
> Task :react-native-nfc-manager:writeReleaseAarMetadata UP-TO-DATE
> Task :react-native-nfc-manager:bundleReleaseLocalLintAar UP-TO-DATE
> Task :react-native-safe-area-context:preReleaseBuild UP-TO-DATE
> Task :react-native-safe-area-context:mergeReleaseJniLibFolders UP-TO-DATE
> Task :react-native-safe-area-context:mergeReleaseNativeLibs NO-SOURCE
> Task :react-native-safe-area-context:stripReleaseDebugSymbols NO-SOURCE
> Task :react-native-safe-area-context:copyReleaseJniLibsProjectAndLocalJars UP-TO-DATE
> Task :react-native-safe-area-context:generateReleaseResValues UP-TO-DATE
> Task :react-native-safe-area-context:extractDeepLinksForAarRelease UP-TO-DATE
> Task :react-native-safe-area-context:generateReleaseBuildConfig UP-TO-DATE
> Task :react-native-safe-area-context:generateReleaseResources UP-TO-DATE
> Task :react-native-safe-area-context:packageReleaseResources UP-TO-DATE
> Task :react-native-safe-area-context:parseReleaseLocalResources UP-TO-DATE
> Task :react-native-safe-area-context:processReleaseManifest UP-TO-DATE
> Task :react-native-safe-area-context:generateReleaseRFile UP-TO-DATE
> Task :react-native-safe-area-context:compileReleaseKotlin UP-TO-DATE
> Task :react-native-safe-area-context:extractReleaseAnnotations UP-TO-DATE
> Task :react-native-safe-area-context:javaPreCompileRelease UP-TO-DATE
> Task :react-native-safe-area-context:compileReleaseJavaWithJavac UP-TO-DATE
> Task :react-native-safe-area-context:mergeReleaseGeneratedProguardFiles UP-TO-DATE
> Task :react-native-safe-area-context:mergeReleaseConsumerProguardFiles UP-TO-DATE
> Task :react-native-safe-area-context:mergeReleaseShaders UP-TO-DATE
> Task :react-native-safe-area-context:compileReleaseShaders NO-SOURCE
> Task :react-native-safe-area-context:generateReleaseAssets UP-TO-DATE
> Task :react-native-safe-area-context:packageReleaseAssets UP-TO-DATE
> Task :react-native-safe-area-context:prepareReleaseArtProfile UP-TO-DATE
> Task :react-native-safe-area-context:processReleaseJavaRes UP-TO-DATE
> Task :react-native-safe-area-context:mergeReleaseJavaResource UP-TO-DATE
> Task :react-native-safe-area-context:syncReleaseLibJars UP-TO-DATE
> Task :react-native-safe-area-context:writeReleaseAarMetadata UP-TO-DATE
> Task :react-native-safe-area-context:bundleReleaseLocalLintAar UP-TO-DATE
> Task :react-native-screens:preReleaseBuild UP-TO-DATE
> Task :react-native-screens:mergeReleaseJniLibFolders UP-TO-DATE
> Task :react-native-screens:mergeReleaseNativeLibs NO-SOURCE
> Task :react-native-screens:stripReleaseDebugSymbols NO-SOURCE
> Task :react-native-screens:copyReleaseJniLibsProjectAndLocalJars UP-TO-DATE
> Task :react-native-screens:generateReleaseResValues UP-TO-DATE
> Task :react-native-screens:extractDeepLinksForAarRelease UP-TO-DATE
> Task :react-native-screens:generateReleaseBuildConfig UP-TO-DATE
> Task :react-native-screens:generateReleaseResources UP-TO-DATE
> Task :react-native-screens:packageReleaseResources UP-TO-DATE
> Task :react-native-screens:parseReleaseLocalResources UP-TO-DATE
> Task :react-native-screens:processReleaseManifest UP-TO-DATE
> Task :react-native-screens:generateReleaseRFile UP-TO-DATE
> Task :react-native-screens:compileReleaseKotlin UP-TO-DATE
> Task :react-native-screens:extractReleaseAnnotations UP-TO-DATE
> Task :react-native-screens:javaPreCompileRelease UP-TO-DATE
> Task :react-native-screens:compileReleaseJavaWithJavac UP-TO-DATE
> Task :react-native-screens:mergeReleaseGeneratedProguardFiles UP-TO-DATE
> Task :react-native-screens:mergeReleaseConsumerProguardFiles UP-TO-DATE
> Task :react-native-screens:mergeReleaseShaders UP-TO-DATE
> Task :react-native-screens:compileReleaseShaders NO-SOURCE
> Task :react-native-screens:generateReleaseAssets UP-TO-DATE
> Task :react-native-screens:packageReleaseAssets UP-TO-DATE
> Task :react-native-screens:prepareReleaseArtProfile UP-TO-DATE
> Task :react-native-screens:processReleaseJavaRes UP-TO-DATE
> Task :react-native-screens:mergeReleaseJavaResource UP-TO-DATE
> Task :react-native-screens:syncReleaseLibJars UP-TO-DATE
> Task :react-native-screens:writeReleaseAarMetadata UP-TO-DATE
> Task :react-native-screens:bundleReleaseLocalLintAar UP-TO-DATE
> Task :react-native-svg:preReleaseBuild UP-TO-DATE
> Task :react-native-svg:mergeReleaseJniLibFolders UP-TO-DATE
> Task :react-native-svg:mergeReleaseNativeLibs NO-SOURCE
> Task :react-native-svg:stripReleaseDebugSymbols NO-SOURCE
> Task :react-native-svg:copyReleaseJniLibsProjectAndLocalJars UP-TO-DATE
> Task :react-native-svg:generateReleaseResValues UP-TO-DATE
> Task :react-native-svg:extractDeepLinksForAarRelease UP-TO-DATE
> Task :react-native-svg:generateReleaseBuildConfig UP-TO-DATE
> Task :react-native-svg:generateReleaseResources UP-TO-DATE
> Task :react-native-svg:packageReleaseResources UP-TO-DATE
> Task :react-native-svg:parseReleaseLocalResources UP-TO-DATE
> Task :react-native-svg:processReleaseManifest UP-TO-DATE
> Task :react-native-svg:generateReleaseRFile UP-TO-DATE
> Task :react-native-svg:extractReleaseAnnotations UP-TO-DATE
> Task :react-native-svg:javaPreCompileRelease UP-TO-DATE
> Task :react-native-svg:compileReleaseJavaWithJavac UP-TO-DATE
> Task :react-native-svg:mergeReleaseGeneratedProguardFiles UP-TO-DATE
> Task :react-native-svg:mergeReleaseConsumerProguardFiles UP-TO-DATE
> Task :react-native-svg:mergeReleaseShaders UP-TO-DATE
> Task :react-native-svg:compileReleaseShaders NO-SOURCE
> Task :react-native-svg:generateReleaseAssets UP-TO-DATE
> Task :react-native-svg:packageReleaseAssets UP-TO-DATE
> Task :react-native-svg:prepareReleaseArtProfile UP-TO-DATE
> Task :react-native-svg:processReleaseJavaRes NO-SOURCE
> Task :react-native-svg:mergeReleaseJavaResource UP-TO-DATE
> Task :react-native-svg:syncReleaseLibJars UP-TO-DATE
> Task :react-native-svg:writeReleaseAarMetadata UP-TO-DATE
> Task :react-native-svg:bundleReleaseLocalLintAar UP-TO-DATE
> Task :react-native-vector-icons:preReleaseBuild UP-TO-DATE
> Task :react-native-vector-icons:mergeReleaseJniLibFolders UP-TO-DATE
> Task :react-native-vector-icons:mergeReleaseNativeLibs NO-SOURCE
> Task :react-native-vector-icons:stripReleaseDebugSymbols NO-SOURCE
> Task :react-native-vector-icons:copyReleaseJniLibsProjectAndLocalJars UP-TO-DATE
> Task :react-native-vector-icons:generateReleaseResValues UP-TO-DATE
> Task :react-native-vector-icons:extractDeepLinksForAarRelease UP-TO-DATE
> Task :react-native-vector-icons:generateReleaseBuildConfig UP-TO-DATE
> Task :react-native-vector-icons:generateReleaseResources UP-TO-DATE
> Task :react-native-vector-icons:packageReleaseResources UP-TO-DATE
> Task :react-native-vector-icons:parseReleaseLocalResources UP-TO-DATE
> Task :react-native-vector-icons:processReleaseManifest UP-TO-DATE
> Task :react-native-vector-icons:generateReleaseRFile UP-TO-DATE
> Task :react-native-vector-icons:extractReleaseAnnotations UP-TO-DATE
> Task :react-native-vector-icons:javaPreCompileRelease UP-TO-DATE
> Task :react-native-vector-icons:compileReleaseJavaWithJavac UP-TO-DATE
> Task :react-native-vector-icons:mergeReleaseGeneratedProguardFiles UP-TO-DATE
> Task :react-native-vector-icons:mergeReleaseConsumerProguardFiles UP-TO-DATE
> Task :react-native-vector-icons:mergeReleaseShaders UP-TO-DATE
> Task :react-native-vector-icons:compileReleaseShaders NO-SOURCE
> Task :react-native-vector-icons:generateReleaseAssets UP-TO-DATE
> Task :react-native-vector-icons:packageReleaseAssets UP-TO-DATE
> Task :react-native-vector-icons:prepareReleaseArtProfile UP-TO-DATE
> Task :react-native-vector-icons:processReleaseJavaRes NO-SOURCE
> Task :react-native-vector-icons:mergeReleaseJavaResource UP-TO-DATE
> Task :react-native-vector-icons:syncReleaseLibJars UP-TO-DATE
> Task :react-native-vector-icons:writeReleaseAarMetadata UP-TO-DATE
> Task :react-native-vector-icons:bundleReleaseLocalLintAar UP-TO-DATE
> Task :react-native-vision-camera:preReleaseBuild UP-TO-DATE
> Task :react-native-vision-camera:configureCMakeRelWithDebInfo[arm64-v8a]
> Task :react-native-vision-camera:buildCMakeRelWithDebInfo[arm64-v8a]
> Task :react-native-vision-camera:configureCMakeRelWithDebInfo[armeabi-v7a]
> Task :react-native-vision-camera:buildCMakeRelWithDebInfo[armeabi-v7a]
> Task :react-native-vision-camera:configureCMakeRelWithDebInfo[x86]
> Task :react-native-vision-camera:buildCMakeRelWithDebInfo[x86]
> Task :react-native-vision-camera:configureCMakeRelWithDebInfo[x86_64]
> Task :react-native-vision-camera:buildCMakeRelWithDebInfo[x86_64]
> Task :react-native-vision-camera:mergeReleaseJniLibFolders UP-TO-DATE
> Task :react-native-vision-camera:mergeReleaseNativeLibs UP-TO-DATE
> Task :react-native-vision-camera:stripReleaseDebugSymbols UP-TO-DATE
> Task :react-native-vision-camera:copyReleaseJniLibsProjectAndLocalJars UP-TO-DATE
> Task :react-native-vision-camera:generateReleaseResValues UP-TO-DATE
> Task :react-native-vision-camera:extractDeepLinksForAarRelease UP-TO-DATE
> Task :react-native-vision-camera:generateReleaseBuildConfig UP-TO-DATE
> Task :react-native-vision-camera:generateReleaseResources UP-TO-DATE
> Task :react-native-vision-camera:packageReleaseResources UP-TO-DATE
> Task :react-native-vision-camera:parseReleaseLocalResources UP-TO-DATE
> Task :react-native-vision-camera:processReleaseManifest UP-TO-DATE
> Task :react-native-vision-camera:generateReleaseRFile UP-TO-DATE
> Task :react-native-vision-camera:compileReleaseKotlin UP-TO-DATE
> Task :react-native-vision-camera:extractReleaseAnnotations UP-TO-DATE
> Task :react-native-vision-camera:javaPreCompileRelease UP-TO-DATE
> Task :react-native-vision-camera:compileReleaseJavaWithJavac UP-TO-DATE
> Task :react-native-vision-camera:mergeReleaseGeneratedProguardFiles UP-TO-DATE
> Task :react-native-vision-camera:mergeReleaseConsumerProguardFiles UP-TO-DATE
> Task :react-native-vision-camera:mergeReleaseShaders UP-TO-DATE
> Task :react-native-vision-camera:compileReleaseShaders NO-SOURCE
> Task :react-native-vision-camera:generateReleaseAssets UP-TO-DATE
> Task :react-native-vision-camera:packageReleaseAssets UP-TO-DATE
> Task :react-native-vision-camera:externalNativeBuildRelease
> Task :react-native-vision-camera:generateJsonModelRelease
> Task :react-native-vision-camera:prefabReleaseConfigurePackage UP-TO-DATE
> Task :react-native-vision-camera:prefabReleasePackage UP-TO-DATE
> Task :react-native-vision-camera:prepareReleaseArtProfile UP-TO-DATE
> Task :react-native-vision-camera:processReleaseJavaRes UP-TO-DATE
> Task :react-native-vision-camera:mergeReleaseJavaResource UP-TO-DATE
> Task :react-native-vision-camera:syncReleaseLibJars UP-TO-DATE
> Task :react-native-vision-camera:writeReleaseAarMetadata UP-TO-DATE
> Task :react-native-vision-camera:bundleReleaseLocalLintAar UP-TO-DATE
> Task :app:preReleaseBuild
> Task :app:generateReleaseBuildConfig UP-TO-DATE
> Task :app:javaPreCompileRelease UP-TO-DATE
> Task :app:checkReleaseAarMetadata UP-TO-DATE

> Task :app:createBundleReleaseJsAndAssets
debug Reading Metro config from D:\4D\DPP\app\metro.config.js
warning: the transform cache was reset.
                Welcome to Metro v0.76.9
              Fast - Scalable - Integrated


info Writing bundle output to:, android\app\build\generated\assets\createBundleReleaseJsAndAssets\index.android.bundle
info Writing sourcemap output to:, android\app\build\intermediates\sourcemaps\react\release\index.android.bundle.packager.map
info Done writing bundle output
info Done writing sourcemap output
info Copying 38 asset files
info Done copying assets
android\app\build\generated\assets\createBundleReleaseJsAndAssets\index.android.bundle:2311:18: warning: the variable "DebuggerInternal" was not declared in function "__shouldPauseOnThrow"
          typeof DebuggerInternal !== 'undefined' &&
                 ^~~~~~~~~~~~~~~~
android\app\build\generated\assets\createBundleReleaseJsAndAssets\index.android.bundle:5998:7: warning: the variable "setTimeout" was not declared in function "logCapturedError"
      setTimeout(function () {
      ^~~~~~~~~~
android\app\build\generated\assets\createBundleReleaseJsAndAssets\index.android.bundle:3967:108: warning: the variable "nativeFabricUIManager" was not declared in function "onChange"
...lInstanceHandle ? (from && nativeFabricUIManager.setIsJSResponder(from.sta...
                              ^~~~~~~~~~~~~~~~~~~~~
android\app\build\generated\assets\createBundleReleaseJsAndAssets\index.android.bundle:4579:21: warning: the variable "clearTimeout" was not declared in anonymous function " 101#"
    cancelTimeout = clearTimeout;
                    ^~~~~~~~~~~~
android\app\build\generated\assets\createBundleReleaseJsAndAssets\index.android.bundle:8329:30: warning: the variable "__REACT_DEVTOOLS_GLOBAL_HOOK__" was not declared in anonymous function " 101#"
  if ("undefined" !== typeof __REACT_DEVTOOLS_GLOBAL_HOOK__) {
                             ^~~~~~~~~~~~~~~~~~~~~~~~~~~~~~
android\app\build\generated\assets\createBundleReleaseJsAndAssets\index.android.bundle:10689:5: warning: the variable "setImmediate" was not declared in function "handleResolved"
    setImmediate(function () {
    ^~~~~~~~~~~~
android\app\build\generated\assets\createBundleReleaseJsAndAssets\index.android.bundle:14971:12: warning: the variable "fetch" was not declared in anonymous function " 350#"
    fetch: fetch,
           ^~~~~
android\app\build\generated\assets\createBundleReleaseJsAndAssets\index.android.bundle:14972:14: warning: the variable "Headers" was not declared in anonymous function " 350#"
    Headers: Headers,
             ^~~~~~~
android\app\build\generated\assets\createBundleReleaseJsAndAssets\index.android.bundle:14973:14: warning: the variable "Request" was not declared in anonymous function " 350#"
    Request: Request,
             ^~~~~~~
android\app\build\generated\assets\createBundleReleaseJsAndAssets\index.android.bundle:14974:15: warning: the variable "Response" was not declared in anonymous function " 350#"
    Response: Response
              ^~~~~~~~
android\app\build\generated\assets\createBundleReleaseJsAndAssets\index.android.bundle:15131:24: warning: the variable "FileReader" was not declared in function "readBlobAsArrayBuffer"
      var reader = new FileReader();
                       ^~~~~~~~~~
android\app\build\generated\assets\createBundleReleaseJsAndAssets\index.android.bundle:15182:36: warning: the variable "Blob" was not declared in anonymous function " 361#"
        } else if (support.blob && Blob.prototype.isPrototypeOf(body)) {
                                   ^~~~
android\app\build\generated\assets\createBundleReleaseJsAndAssets\index.android.bundle:15184:40: warning: the variable "FormData" was not declared in anonymous function " 361#"
        } else if (support.formData && FormData.prototype.isPrototypeOf(body)) {
                                       ^~~~~~~~
android\app\build\generated\assets\createBundleReleaseJsAndAssets\index.android.bundle:15186:44: warning: the variable "URLSearchParams" was not declared in anonymous function " 361#"
...e if (support.searchParams && URLSearchParams.prototype.isPrototypeOf(body...
                                 ^~~~~~~~~~~~~~~
android\app\build\generated\assets\createBundleReleaseJsAndAssets\index.android.bundle:15305:26: warning: the variable "AbortController" was not declared in anonymous function " 367#"
          var ctrl = new AbortController();
                         ^~~~~~~~~~~~~~~
android\app\build\generated\assets\createBundleReleaseJsAndAssets\index.android.bundle:15439:23: warning: the variable "XMLHttpRequest" was not declared in anonymous function " 371#"
        var xhr = new XMLHttpRequest();
                      ^~~~~~~~~~~~~~
android\app\build\generated\assets\createBundleReleaseJsAndAssets\index.android.bundle:14984:71: warning: the variable "self" was not declared in anonymous function " 353#"
...undefined' && globalThis || typeof self !== 'undefined' && self ||
                                      ^~~~
android\app\build\generated\assets\createBundleReleaseJsAndAssets\index.android.bundle:23768:27: warning: the variable "performance" was not declared in anonymous function " 646#"
  if ("object" === typeof performance && "function" === typeof performance.no...
                          ^~~~~~~~~~~
android\app\build\generated\assets\createBundleReleaseJsAndAssets\index.android.bundle:23791:26: warning: the variable "navigator" was not declared in anonymous function " 646#"
  "undefined" !== typeof navigator && undefined !== navigator.scheduling && u...
                         ^~~~~~~~~
android\app\build\generated\assets\createBundleReleaseJsAndAssets\index.android.bundle:23901:37: warning: the variable "MessageChannel" was not declared in anonymous function " 646#"
  };else if ("undefined" !== typeof MessageChannel) {
                                    ^~~~~~~~~~~~~~
android\app\build\generated\assets\createBundleReleaseJsAndAssets\index.android.bundle:23916:34: warning: the variable "nativeRuntimeScheduler" was not declared in anonymous function " 646#"
... = "undefined" !== typeof nativeRuntimeScheduler ? nativeRuntimeScheduler....
                             ^~~~~~~~~~~~~~~~~~~~~~
android\app\build\generated\assets\createBundleReleaseJsAndAssets\index.android.bundle:33101:34: warning: the variable "requestAnimationFrame" was not declared in function "start 9#"
...    this._animationFrame = requestAnimationFrame(this.onUpdate.bind(this));
                              ^~~~~~~~~~~~~~~~~~~~~
android\app\build\generated\assets\createBundleReleaseJsAndAssets\index.android.bundle:119039:18: warning: the variable "TextDecoder" was not declared in anonymous function " 2978#"
      if (typeof TextDecoder === 'undefined' || this.shouldDecodeOnFallback(e...
                 ^~~~~~~~~~~
android\app\build\generated\assets\createBundleReleaseJsAndAssets\index.android.bundle:119063:18: warning: the variable "TextEncoder" was not declared in anonymous function " 2980#"
      if (typeof TextEncoder === 'undefined') {
                 ^~~~~~~~~~~
android\app\build\generated\assets\createBundleReleaseJsAndAssets\index.android.bundle:119117:30: warning: the variable "btoa" was not declared in anonymous function " 2986#"
      var encodedURIstring = btoa(unescape(encodeURIComponent(s)));
                             ^~~~
android\app\build\generated\assets\createBundleReleaseJsAndAssets\index.android.bundle:122043:33: warning: the variable "Iterator" was not declared in anonymous function " 3202#"
      g = Object.create((typeof Iterator === "function" ? Iterator : Object)....
                                ^~~~~~~~
android\app\build\generated\assets\createBundleReleaseJsAndAssets\index.android.bundle:122899:34: warning: the variable "HTMLImageElement" was not declared in anonymous function " 3279#"
      if (imageSource instanceof HTMLImageElement) {
                                 ^~~~~~~~~~~~~~~~
android\app\build\generated\assets\createBundleReleaseJsAndAssets\index.android.bundle:122919:34: warning: the variable "HTMLVideoElement" was not declared in anonymous function " 3280#"
      if (videoSource instanceof HTMLVideoElement) {
                                 ^~~~~~~~~~~~~~~~
android\app\build\generated\assets\createBundleReleaseJsAndAssets\index.android.bundle:123225:28: warning: the variable "URL" was not declared in anonymous function " 3298#"
        videoElement.src = URL.createObjectURL(stream);
                           ^~~
android\app\build\generated\assets\createBundleReleaseJsAndAssets\index.android.bundle:154572:39: warning: the variable "HTMLElement" was not declared in anonymous function " 5371#"
      if (containerElement instanceof HTMLElement) {
                                      ^~~~~~~~~~~
android\app\build\generated\assets\createBundleReleaseJsAndAssets\index.android.bundle:162723:27: warning: the variable "Worker" was not declared in function "componentDidMount 16#"
        this.worker = new Worker(URL.createObjectURL(workerBlob));
                          ^~~~~~
android\app\build\generated\assets\createBundleReleaseJsAndAssets\index.android.bundle:163687:31: warning: the variable "Event" was not declared in anonymous function " 5777#"
              var event = new Event('track');
                              ^~~~~
android\app\build\generated\assets\createBundleReleaseJsAndAssets\index.android.bundle:163990:37: warning: the variable "DOMException" was not declared in function "getStats 3#"
...     return Promise.reject(new DOMException('There are more than one sende...
                                  ^~~~~~~~~~~~
android\app\build\generated\assets\createBundleReleaseJsAndAssets\index.android.bundle:164173:18: warning: the variable "RTCSessionDescription" was not declared in function "replaceInternalStreamId"
      return new RTCSessionDescription({
                 ^~~~~~~~~~~~~~~~~~~~~

> Task :app:generateReleaseResValues UP-TO-DATE
> Task :app:mapReleaseSourceSetPaths UP-TO-DATE
> Task :app:generateReleaseResources UP-TO-DATE
> Task :app:mergeReleaseResources UP-TO-DATE
> Task :app:packageReleaseResources UP-TO-DATE
> Task :app:parseReleaseLocalResources UP-TO-DATE
> Task :app:createReleaseCompatibleScreenManifests UP-TO-DATE
> Task :app:extractDeepLinksRelease UP-TO-DATE
> Task :invertase_react-native-apple-authentication:extractDeepLinksRelease UP-TO-DATE
> Task :react-native-async-storage_async-storage:extractDeepLinksRelease UP-TO-DATE
> Task :react-native-camera:extractDeepLinksGeneralRelease UP-TO-DATE
> Task :react-native-clipboard_clipboard:extractDeepLinksRelease UP-TO-DATE
> Task :react-native-google-signin_google-signin:extractDeepLinksRelease UP-TO-DATE
> Task :react-native-image-picker:extractDeepLinksRelease UP-TO-DATE
> Task :react-native-ml-kit_barcode-scanning:extractDeepLinksRelease UP-TO-DATE
> Task :react-native-nfc-manager:extractDeepLinksRelease UP-TO-DATE
> Task :react-native-safe-area-context:extractDeepLinksRelease UP-TO-DATE
> Task :react-native-screens:extractDeepLinksRelease UP-TO-DATE
> Task :react-native-svg:extractDeepLinksRelease UP-TO-DATE
> Task :react-native-vector-icons:extractDeepLinksRelease UP-TO-DATE
> Task :react-native-vision-camera:extractDeepLinksRelease UP-TO-DATE
> Task :app:processReleaseMainManifest UP-TO-DATE
> Task :app:processReleaseManifest UP-TO-DATE
> Task :app:processReleaseManifestForPackage UP-TO-DATE
> Task :invertase_react-native-apple-authentication:compileReleaseLibraryResources UP-TO-DATE
> Task :react-native-async-storage_async-storage:compileReleaseLibraryResources UP-TO-DATE
> Task :react-native-camera:compileGeneralReleaseLibraryResources UP-TO-DATE
> Task :react-native-clipboard_clipboard:compileReleaseLibraryResources UP-TO-DATE
> Task :react-native-google-signin_google-signin:compileReleaseLibraryResources UP-TO-DATE
> Task :react-native-image-picker:compileReleaseLibraryResources UP-TO-DATE
> Task :react-native-ml-kit_barcode-scanning:compileReleaseLibraryResources UP-TO-DATE
> Task :react-native-nfc-manager:compileReleaseLibraryResources UP-TO-DATE
> Task :react-native-safe-area-context:compileReleaseLibraryResources UP-TO-DATE
> Task :react-native-screens:compileReleaseLibraryResources UP-TO-DATE
> Task :react-native-svg:compileReleaseLibraryResources UP-TO-DATE
> Task :react-native-vector-icons:compileReleaseLibraryResources UP-TO-DATE
> Task :react-native-vision-camera:compileReleaseLibraryResources UP-TO-DATE
> Task :app:processReleaseResources UP-TO-DATE
> Task :invertase_react-native-apple-authentication:bundleLibCompileToJarRelease UP-TO-DATE
> Task :react-native-async-storage_async-storage:bundleLibCompileToJarRelease UP-TO-DATE
> Task :react-native-camera:bundleLibCompileToJarGeneralRelease UP-TO-DATE
> Task :react-native-clipboard_clipboard:bundleLibCompileToJarRelease UP-TO-DATE
> Task :react-native-google-signin_google-signin:bundleLibCompileToJarRelease UP-TO-DATE
> Task :react-native-image-picker:bundleLibCompileToJarRelease UP-TO-DATE
> Task :react-native-ml-kit_barcode-scanning:bundleLibCompileToJarRelease UP-TO-DATE
> Task :react-native-nfc-manager:bundleLibCompileToJarRelease UP-TO-DATE
> Task :react-native-safe-area-context:bundleLibCompileToJarRelease UP-TO-DATE
> Task :react-native-screens:bundleLibCompileToJarRelease UP-TO-DATE
> Task :react-native-svg:bundleLibCompileToJarRelease UP-TO-DATE
> Task :react-native-vector-icons:bundleLibCompileToJarRelease UP-TO-DATE
> Task :react-native-vision-camera:bundleLibCompileToJarRelease UP-TO-DATE
> Task :app:compileReleaseJavaWithJavac UP-TO-DATE
> Task :app:extractProguardFiles UP-TO-DATE
> Task :invertase_react-native-apple-authentication:bundleLibRuntimeToJarRelease UP-TO-DATE
> Task :invertase_react-native-apple-authentication:createFullJarRelease UP-TO-DATE
> Task :invertase_react-native-apple-authentication:writeReleaseLintModelMetadata UP-TO-DATE
> Task :react-native-async-storage_async-storage:bundleLibRuntimeToJarRelease UP-TO-DATE
> Task :react-native-async-storage_async-storage:createFullJarRelease UP-TO-DATE
> Task :react-native-async-storage_async-storage:writeReleaseLintModelMetadata UP-TO-DATE
> Task :react-native-camera:bundleLibRuntimeToJarGeneralRelease UP-TO-DATE
> Task :react-native-camera:createFullJarGeneralRelease UP-TO-DATE
> Task :react-native-camera:writeGeneralReleaseLintModelMetadata UP-TO-DATE
> Task :react-native-clipboard_clipboard:bundleLibRuntimeToJarRelease UP-TO-DATE
> Task :react-native-clipboard_clipboard:createFullJarRelease UP-TO-DATE
> Task :react-native-clipboard_clipboard:writeReleaseLintModelMetadata UP-TO-DATE
> Task :react-native-google-signin_google-signin:bundleLibRuntimeToJarRelease UP-TO-DATE
> Task :react-native-google-signin_google-signin:createFullJarRelease UP-TO-DATE
> Task :react-native-google-signin_google-signin:writeReleaseLintModelMetadata UP-TO-DATE
> Task :react-native-image-picker:bundleLibRuntimeToJarRelease UP-TO-DATE
> Task :react-native-image-picker:createFullJarRelease UP-TO-DATE
> Task :react-native-image-picker:writeReleaseLintModelMetadata UP-TO-DATE
> Task :react-native-ml-kit_barcode-scanning:bundleLibRuntimeToJarRelease UP-TO-DATE
> Task :react-native-ml-kit_barcode-scanning:createFullJarRelease UP-TO-DATE
> Task :react-native-ml-kit_barcode-scanning:writeReleaseLintModelMetadata UP-TO-DATE
> Task :react-native-nfc-manager:bundleLibRuntimeToJarRelease UP-TO-DATE
> Task :react-native-nfc-manager:createFullJarRelease UP-TO-DATE
> Task :react-native-nfc-manager:writeReleaseLintModelMetadata UP-TO-DATE
> Task :react-native-safe-area-context:bundleLibRuntimeToJarRelease UP-TO-DATE
> Task :react-native-safe-area-context:createFullJarRelease UP-TO-DATE
> Task :react-native-safe-area-context:writeReleaseLintModelMetadata UP-TO-DATE
> Task :react-native-screens:bundleLibRuntimeToJarRelease UP-TO-DATE
> Task :react-native-screens:createFullJarRelease UP-TO-DATE
> Task :react-native-screens:writeReleaseLintModelMetadata UP-TO-DATE
> Task :react-native-svg:bundleLibRuntimeToJarRelease UP-TO-DATE
> Task :react-native-svg:createFullJarRelease UP-TO-DATE
> Task :react-native-svg:writeReleaseLintModelMetadata UP-TO-DATE
> Task :react-native-vector-icons:bundleLibRuntimeToJarRelease UP-TO-DATE
> Task :react-native-vector-icons:createFullJarRelease UP-TO-DATE
> Task :react-native-vector-icons:writeReleaseLintModelMetadata UP-TO-DATE
> Task :react-native-vision-camera:bundleLibRuntimeToJarRelease UP-TO-DATE
> Task :react-native-vision-camera:createFullJarRelease UP-TO-DATE
> Task :react-native-vision-camera:writeReleaseLintModelMetadata UP-TO-DATE
> Task :app:mergeReleaseJniLibFolders UP-TO-DATE
> Task :invertase_react-native-apple-authentication:copyReleaseJniLibsProjectOnly UP-TO-DATE
> Task :react-native-async-storage_async-storage:copyReleaseJniLibsProjectOnly UP-TO-DATE
> Task :react-native-camera:copyGeneralReleaseJniLibsProjectOnly UP-TO-DATE
> Task :react-native-clipboard_clipboard:copyReleaseJniLibsProjectOnly UP-TO-DATE
> Task :react-native-google-signin_google-signin:copyReleaseJniLibsProjectOnly UP-TO-DATE
> Task :react-native-image-picker:copyReleaseJniLibsProjectOnly UP-TO-DATE
> Task :react-native-ml-kit_barcode-scanning:copyReleaseJniLibsProjectOnly UP-TO-DATE
> Task :react-native-nfc-manager:copyReleaseJniLibsProjectOnly UP-TO-DATE
> Task :react-native-safe-area-context:copyReleaseJniLibsProjectOnly UP-TO-DATE
> Task :react-native-screens:copyReleaseJniLibsProjectOnly UP-TO-DATE
> Task :react-native-svg:copyReleaseJniLibsProjectOnly UP-TO-DATE
> Task :react-native-vector-icons:copyReleaseJniLibsProjectOnly UP-TO-DATE
> Task :react-native-vision-camera:copyReleaseJniLibsProjectOnly UP-TO-DATE
> Task :app:mergeReleaseNativeLibs UP-TO-DATE
> Task :app:stripReleaseDebugSymbols UP-TO-DATE
> Task :app:extractReleaseNativeSymbolTables UP-TO-DATE
> Task :app:mergeReleaseNativeDebugMetadata UP-TO-DATE
> Task :invertase_react-native-apple-authentication:bundleLibRuntimeToDirRelease UP-TO-DATE
> Task :react-native-async-storage_async-storage:bundleLibRuntimeToDirRelease UP-TO-DATE
> Task :react-native-clipboard_clipboard:bundleLibRuntimeToDirRelease UP-TO-DATE
> Task :react-native-google-signin_google-signin:bundleLibRuntimeToDirRelease UP-TO-DATE
> Task :react-native-ml-kit_barcode-scanning:bundleLibRuntimeToDirRelease UP-TO-DATE
> Task :react-native-camera:bundleLibRuntimeToDirGeneralRelease UP-TO-DATE
> Task :react-native-image-picker:bundleLibRuntimeToDirRelease UP-TO-DATE
> Task :react-native-nfc-manager:bundleLibRuntimeToDirRelease UP-TO-DATE
> Task :react-native-safe-area-context:bundleLibRuntimeToDirRelease UP-TO-DATE
> Task :react-native-screens:bundleLibRuntimeToDirRelease UP-TO-DATE
> Task :react-native-svg:bundleLibRuntimeToDirRelease UP-TO-DATE
> Task :react-native-vector-icons:bundleLibRuntimeToDirRelease UP-TO-DATE
> Task :react-native-vision-camera:bundleLibRuntimeToDirRelease UP-TO-DATE
> Task :app:checkReleaseDuplicateClasses UP-TO-DATE
> Task :app:dexBuilderRelease UP-TO-DATE
> Task :app:desugarReleaseFileDependencies UP-TO-DATE
> Task :app:mergeExtDexRelease UP-TO-DATE
> Task :app:mergeDexRelease UP-TO-DATE
> Task :app:l8DexDesugarLibRelease UP-TO-DATE
> Task :app:mergeReleaseArtProfile UP-TO-DATE
> Task :app:mergeReleaseGlobalSynthetics UP-TO-DATE
> Task :app:compileReleaseArtProfile UP-TO-DATE
> Task :app:mergeReleaseShaders UP-TO-DATE
> Task :app:compileReleaseShaders NO-SOURCE
> Task :app:generateReleaseAssets UP-TO-DATE
> Task :app:mergeReleaseAssets
> Task :app:processReleaseJavaRes NO-SOURCE
> Task :app:mergeReleaseJavaResource UP-TO-DATE
> Task :app:optimizeReleaseResources UP-TO-DATE
> Task :app:compressReleaseAssets
> Task :app:collectReleaseDependencies
> Task :app:sdkReleaseDependencyData UP-TO-DATE
> Task :app:validateSigningRelease UP-TO-DATE
> Task :app:writeReleaseAppMetadata UP-TO-DATE
> Task :app:writeReleaseSigningConfigVersions UP-TO-DATE
> Task :invertase_react-native-apple-authentication:bundleReleaseAar UP-TO-DATE
> Task :invertase_react-native-apple-authentication:mapReleaseSourceSetPaths UP-TO-DATE
> Task :invertase_react-native-apple-authentication:mergeReleaseResources UP-TO-DATE
> Task :invertase_react-native-apple-authentication:verifyReleaseResources UP-TO-DATE
> Task :invertase_react-native-apple-authentication:assembleRelease UP-TO-DATE
> Task :react-native-async-storage_async-storage:bundleReleaseAar UP-TO-DATE
> Task :react-native-async-storage_async-storage:mapReleaseSourceSetPaths UP-TO-DATE
> Task :react-native-async-storage_async-storage:mergeReleaseResources UP-TO-DATE
> Task :react-native-async-storage_async-storage:verifyReleaseResources UP-TO-DATE
> Task :react-native-async-storage_async-storage:assembleRelease UP-TO-DATE
> Task :react-native-camera:bundleGeneralReleaseAar UP-TO-DATE
> Task :react-native-camera:mapGeneralReleaseSourceSetPaths UP-TO-DATE
> Task :react-native-camera:mergeGeneralReleaseResources UP-TO-DATE
> Task :react-native-camera:verifyGeneralReleaseResources UP-TO-DATE
> Task :react-native-camera:assembleGeneralRelease UP-TO-DATE
> Task :react-native-camera:preMlkitReleaseBuild UP-TO-DATE
> Task :react-native-camera:mergeMlkitReleaseJniLibFolders UP-TO-DATE
> Task :react-native-camera:mergeMlkitReleaseNativeLibs NO-SOURCE
> Task :react-native-camera:stripMlkitReleaseDebugSymbols NO-SOURCE
> Task :react-native-camera:copyMlkitReleaseJniLibsProjectAndLocalJars UP-TO-DATE
> Task :react-native-camera:generateMlkitReleaseResValues UP-TO-DATE
> Task :react-native-camera:extractDeepLinksForAarMlkitRelease UP-TO-DATE
> Task :react-native-camera:generateMlkitReleaseBuildConfig UP-TO-DATE
> Task :react-native-camera:generateMlkitReleaseResources UP-TO-DATE
> Task :react-native-camera:packageMlkitReleaseResources UP-TO-DATE
> Task :react-native-camera:parseMlkitReleaseLocalResources UP-TO-DATE
> Task :react-native-camera:processMlkitReleaseManifest UP-TO-DATE
> Task :react-native-camera:generateMlkitReleaseRFile UP-TO-DATE
> Task :react-native-camera:extractMlkitReleaseAnnotations UP-TO-DATE
> Task :react-native-camera:javaPreCompileMlkitRelease UP-TO-DATE
> Task :react-native-camera:compileMlkitReleaseJavaWithJavac UP-TO-DATE
> Task :react-native-camera:mergeMlkitReleaseGeneratedProguardFiles UP-TO-DATE
> Task :react-native-camera:mergeMlkitReleaseConsumerProguardFiles UP-TO-DATE
> Task :react-native-camera:mergeMlkitReleaseShaders UP-TO-DATE
> Task :react-native-camera:compileMlkitReleaseShaders NO-SOURCE
> Task :react-native-camera:generateMlkitReleaseAssets UP-TO-DATE
> Task :react-native-camera:packageMlkitReleaseAssets UP-TO-DATE
> Task :react-native-camera:prepareMlkitReleaseArtProfile UP-TO-DATE
> Task :react-native-camera:processMlkitReleaseJavaRes NO-SOURCE
> Task :react-native-camera:mergeMlkitReleaseJavaResource UP-TO-DATE
> Task :react-native-camera:syncMlkitReleaseLibJars UP-TO-DATE
> Task :react-native-camera:writeMlkitReleaseAarMetadata UP-TO-DATE
> Task :react-native-camera:bundleMlkitReleaseAar UP-TO-DATE
> Task :react-native-camera:mapMlkitReleaseSourceSetPaths UP-TO-DATE
> Task :react-native-camera:mergeMlkitReleaseResources UP-TO-DATE
> Task :react-native-camera:verifyMlkitReleaseResources UP-TO-DATE
> Task :react-native-camera:assembleMlkitRelease UP-TO-DATE
> Task :react-native-camera:assembleRelease UP-TO-DATE
> Task :react-native-clipboard_clipboard:bundleReleaseAar UP-TO-DATE
> Task :react-native-clipboard_clipboard:mapReleaseSourceSetPaths UP-TO-DATE
> Task :react-native-clipboard_clipboard:mergeReleaseResources UP-TO-DATE
> Task :react-native-clipboard_clipboard:verifyReleaseResources UP-TO-DATE
> Task :react-native-clipboard_clipboard:assembleRelease UP-TO-DATE
> Task :react-native-google-signin_google-signin:bundleReleaseAar UP-TO-DATE
> Task :react-native-google-signin_google-signin:mapReleaseSourceSetPaths UP-TO-DATE
> Task :react-native-google-signin_google-signin:mergeReleaseResources UP-TO-DATE
> Task :react-native-google-signin_google-signin:verifyReleaseResources UP-TO-DATE
> Task :react-native-google-signin_google-signin:assembleRelease UP-TO-DATE
> Task :react-native-image-picker:bundleReleaseAar UP-TO-DATE
> Task :react-native-image-picker:mapReleaseSourceSetPaths UP-TO-DATE
> Task :react-native-image-picker:mergeReleaseResources UP-TO-DATE
> Task :react-native-image-picker:verifyReleaseResources UP-TO-DATE
> Task :react-native-image-picker:assembleRelease UP-TO-DATE
> Task :react-native-ml-kit_barcode-scanning:bundleReleaseAar UP-TO-DATE
> Task :react-native-ml-kit_barcode-scanning:mapReleaseSourceSetPaths UP-TO-DATE
> Task :react-native-ml-kit_barcode-scanning:mergeReleaseResources UP-TO-DATE
> Task :react-native-ml-kit_barcode-scanning:verifyReleaseResources UP-TO-DATE
> Task :react-native-ml-kit_barcode-scanning:assembleRelease UP-TO-DATE
> Task :react-native-nfc-manager:bundleReleaseAar UP-TO-DATE
> Task :react-native-nfc-manager:mapReleaseSourceSetPaths UP-TO-DATE
> Task :react-native-nfc-manager:mergeReleaseResources UP-TO-DATE
> Task :react-native-nfc-manager:verifyReleaseResources UP-TO-DATE
> Task :react-native-nfc-manager:assembleRelease UP-TO-DATE
> Task :react-native-safe-area-context:bundleReleaseAar UP-TO-DATE
> Task :react-native-safe-area-context:mapReleaseSourceSetPaths UP-TO-DATE
> Task :react-native-safe-area-context:mergeReleaseResources UP-TO-DATE
> Task :react-native-safe-area-context:verifyReleaseResources UP-TO-DATE
> Task :react-native-safe-area-context:assembleRelease UP-TO-DATE
> Task :react-native-screens:bundleReleaseAar UP-TO-DATE
> Task :react-native-screens:mapReleaseSourceSetPaths UP-TO-DATE
> Task :react-native-screens:mergeReleaseResources UP-TO-DATE
> Task :react-native-screens:verifyReleaseResources UP-TO-DATE
> Task :react-native-screens:assembleRelease UP-TO-DATE
> Task :react-native-svg:bundleReleaseAar UP-TO-DATE
> Task :react-native-svg:mapReleaseSourceSetPaths UP-TO-DATE
> Task :react-native-svg:mergeReleaseResources UP-TO-DATE
> Task :react-native-svg:verifyReleaseResources UP-TO-DATE
> Task :react-native-svg:assembleRelease UP-TO-DATE
> Task :react-native-vector-icons:bundleReleaseAar UP-TO-DATE
> Task :react-native-vector-icons:mapReleaseSourceSetPaths UP-TO-DATE
> Task :react-native-vector-icons:mergeReleaseResources UP-TO-DATE
> Task :react-native-vector-icons:verifyReleaseResources UP-TO-DATE
> Task :react-native-vector-icons:assembleRelease UP-TO-DATE
> Task :react-native-vision-camera:bundleReleaseAar UP-TO-DATE
> Task :react-native-vision-camera:mapReleaseSourceSetPaths UP-TO-DATE
> Task :react-native-vision-camera:mergeReleaseResources UP-TO-DATE
> Task :react-native-vision-camera:verifyReleaseResources UP-TO-DATE
> Task :react-native-vision-camera:assembleRelease UP-TO-DATE
> Task :app:packageRelease
> Task :app:createReleaseApkListingFileRedirect UP-TO-DATE
> Task :app:lintVitalAnalyzeRelease
> Task :app:lintVitalReportRelease
> Task :app:lintVitalRelease
> Task :app:assembleRelease

Deprecated Gradle features were used in this build, making it incompatible with Gradle 9.0.

You can use '--warning-mode all' to show the individual deprecation warnings and determine if they come from your own scripts or plugins.

For more on this, please refer to https://docs.gradle.org/8.5/userguide/command_line_interface.html#sec:command_line_warnings in the Gradle documentation.

BUILD SUCCESSFUL in 9m 31s
958 actionable tasks: 33 executed, 925 up-to-date
